Component: ARM Compiler 5.06 update 5 (build 528) Tool: armlink [4d35e2]

==============================================================================

Section Cross References

    stm32l4xx_hal_dma.o(i.HAL_DMA_PollForTransfer) refers to stm32l4xx_hal.o(i.HAL_GetTick) for HAL_GetTick
    stm32l4xx_hal_dma.o(i.HAL_DMA_Start) refers to stm32l4xx_hal_dma.o(i.DMA_SetConfig) for DMA_SetConfig
    stm32l4xx_hal_dma.o(i.HAL_DMA_Start_IT) refers to stm32l4xx_hal_dma.o(i.DMA_SetConfig) for DMA_SetConfig
    stm32l4xx_hal_i2c.o(i.HAL_I2C_DeInit) refers to stm32l4xx_hal_i2c.o(i.HAL_I2C_MspDeInit) for HAL_I2C_MspDeInit
    stm32l4xx_hal_i2c.o(i.HAL_I2C_DisableListen_IT) refers to stm32l4xx_hal_i2c.o(i.I2C_Disable_IRQ) for I2C_Disable_IRQ
    stm32l4xx_hal_i2c.o(i.HAL_I2C_ER_IRQHandler) refers to stm32l4xx_hal_i2c.o(i.I2C_ITError) for I2C_ITError
    stm32l4xx_hal_i2c.o(i.HAL_I2C_EnableListen_IT) refers to stm32l4xx_hal_i2c.o(i.I2C_Enable_IRQ) for I2C_Enable_IRQ
    stm32l4xx_hal_i2c.o(i.HAL_I2C_EnableListen_IT) refers to stm32l4xx_hal_i2c.o(i.I2C_Slave_ISR_IT) for I2C_Slave_ISR_IT
    stm32l4xx_hal_i2c.o(i.HAL_I2C_Init) refers to stm32l4xx_hal_i2c.o(i.HAL_I2C_MspInit) for HAL_I2C_MspInit
    stm32l4xx_hal_i2c.o(i.HAL_I2C_IsDeviceReady) refers to stm32l4xx_hal.o(i.HAL_GetTick) for HAL_GetTick
    stm32l4xx_hal_i2c.o(i.HAL_I2C_IsDeviceReady) refers to stm32l4xx_hal_i2c.o(i.I2C_WaitOnFlagUntilTimeout) for I2C_WaitOnFlagUntilTimeout
    stm32l4xx_hal_i2c.o(i.HAL_I2C_Master_Abort_IT) refers to stm32l4xx_hal_i2c.o(i.I2C_Disable_IRQ) for I2C_Disable_IRQ
    stm32l4xx_hal_i2c.o(i.HAL_I2C_Master_Abort_IT) refers to stm32l4xx_hal_i2c.o(i.I2C_TransferConfig) for I2C_TransferConfig
    stm32l4xx_hal_i2c.o(i.HAL_I2C_Master_Abort_IT) refers to stm32l4xx_hal_i2c.o(i.I2C_Enable_IRQ) for I2C_Enable_IRQ
    stm32l4xx_hal_i2c.o(i.HAL_I2C_Master_Receive) refers to stm32l4xx_hal.o(i.HAL_GetTick) for HAL_GetTick
    stm32l4xx_hal_i2c.o(i.HAL_I2C_Master_Receive) refers to stm32l4xx_hal_i2c.o(i.I2C_WaitOnFlagUntilTimeout) for I2C_WaitOnFlagUntilTimeout
    stm32l4xx_hal_i2c.o(i.HAL_I2C_Master_Receive) refers to stm32l4xx_hal_i2c.o(i.I2C_TransferConfig) for I2C_TransferConfig
    stm32l4xx_hal_i2c.o(i.HAL_I2C_Master_Receive) refers to stm32l4xx_hal_i2c.o(i.I2C_WaitOnRXNEFlagUntilTimeout) for I2C_WaitOnRXNEFlagUntilTimeout
    stm32l4xx_hal_i2c.o(i.HAL_I2C_Master_Receive) refers to stm32l4xx_hal_i2c.o(i.I2C_WaitOnSTOPFlagUntilTimeout) for I2C_WaitOnSTOPFlagUntilTimeout
    stm32l4xx_hal_i2c.o(i.HAL_I2C_Master_Receive_DMA) refers to stm32l4xx_hal_dma.o(i.HAL_DMA_Start_IT) for HAL_DMA_Start_IT
    stm32l4xx_hal_i2c.o(i.HAL_I2C_Master_Receive_DMA) refers to stm32l4xx_hal_i2c.o(i.I2C_TransferConfig) for I2C_TransferConfig
    stm32l4xx_hal_i2c.o(i.HAL_I2C_Master_Receive_DMA) refers to stm32l4xx_hal_i2c.o(i.I2C_Enable_IRQ) for I2C_Enable_IRQ
    stm32l4xx_hal_i2c.o(i.HAL_I2C_Master_Receive_DMA) refers to stm32l4xx_hal_i2c.o(i.I2C_Master_ISR_DMA) for I2C_Master_ISR_DMA
    stm32l4xx_hal_i2c.o(i.HAL_I2C_Master_Receive_DMA) refers to stm32l4xx_hal_i2c.o(i.I2C_DMAMasterReceiveCplt) for I2C_DMAMasterReceiveCplt
    stm32l4xx_hal_i2c.o(i.HAL_I2C_Master_Receive_DMA) refers to stm32l4xx_hal_i2c.o(i.I2C_DMAError) for I2C_DMAError
    stm32l4xx_hal_i2c.o(i.HAL_I2C_Master_Receive_DMA) refers to stm32l4xx_hal_i2c.o(i.I2C_Master_ISR_IT) for I2C_Master_ISR_IT
    stm32l4xx_hal_i2c.o(i.HAL_I2C_Master_Receive_IT) refers to stm32l4xx_hal_i2c.o(i.I2C_TransferConfig) for I2C_TransferConfig
    stm32l4xx_hal_i2c.o(i.HAL_I2C_Master_Receive_IT) refers to stm32l4xx_hal_i2c.o(i.I2C_Enable_IRQ) for I2C_Enable_IRQ
    stm32l4xx_hal_i2c.o(i.HAL_I2C_Master_Receive_IT) refers to stm32l4xx_hal_i2c.o(i.I2C_Master_ISR_IT) for I2C_Master_ISR_IT
    stm32l4xx_hal_i2c.o(i.HAL_I2C_Master_Sequential_Receive_DMA) refers to stm32l4xx_hal_i2c.o(i.I2C_ConvertOtherXferOptions) for I2C_ConvertOtherXferOptions
    stm32l4xx_hal_i2c.o(i.HAL_I2C_Master_Sequential_Receive_DMA) refers to stm32l4xx_hal_dma.o(i.HAL_DMA_Start_IT) for HAL_DMA_Start_IT
    stm32l4xx_hal_i2c.o(i.HAL_I2C_Master_Sequential_Receive_DMA) refers to stm32l4xx_hal_i2c.o(i.I2C_TransferConfig) for I2C_TransferConfig
    stm32l4xx_hal_i2c.o(i.HAL_I2C_Master_Sequential_Receive_DMA) refers to stm32l4xx_hal_i2c.o(i.I2C_Enable_IRQ) for I2C_Enable_IRQ
    stm32l4xx_hal_i2c.o(i.HAL_I2C_Master_Sequential_Receive_DMA) refers to stm32l4xx_hal_i2c.o(i.I2C_Master_ISR_DMA) for I2C_Master_ISR_DMA
    stm32l4xx_hal_i2c.o(i.HAL_I2C_Master_Sequential_Receive_DMA) refers to stm32l4xx_hal_i2c.o(i.I2C_DMAMasterReceiveCplt) for I2C_DMAMasterReceiveCplt
    stm32l4xx_hal_i2c.o(i.HAL_I2C_Master_Sequential_Receive_DMA) refers to stm32l4xx_hal_i2c.o(i.I2C_DMAError) for I2C_DMAError
    stm32l4xx_hal_i2c.o(i.HAL_I2C_Master_Sequential_Receive_DMA) refers to stm32l4xx_hal_i2c.o(i.I2C_Master_ISR_IT) for I2C_Master_ISR_IT
[...]
    stm32l476g_discovery.o(i.I2C1_MspInit) refers to stm32l4xx_hal_cortex.o(i.HAL_NVIC_SetPriority) for HAL_NVIC_SetPriority
    stm32l476g_discovery.o(i.I2C1_MspInit) refers to stm32l4xx_hal_cortex.o(i.HAL_NVIC_EnableIRQ) for HAL_NVIC_EnableIRQ
    stm32l476g_discovery.o(i.I2C2_Error) refers to stm32l4xx_hal_i2c.o(i.HAL_I2C_DeInit) for HAL_I2C_DeInit
    stm32l476g_discovery.o(i.I2C2_Error) refers to stm32l476g_discovery.o(i.I2C2_Init) for I2C2_Init
    stm32l476g_discovery.o(i.I2C2_Error) refers to stm32l476g_discovery.o(.bss) for .bss
    stm32l476g_discovery.o(i.I2C2_Init) refers to stm32l4xx_hal_i2c.o(i.HAL_I2C_GetState) for HAL_I2C_GetState
    stm32l476g_discovery.o(i.I2C2_Init) refers to stm32l476g_discovery.o(i.I2C2_MspInit) for I2C2_MspInit
    stm32l476g_discovery.o(i.I2C2_Init) refers to stm32l4xx_hal_i2c.o(i.HAL_I2C_Init) for HAL_I2C_Init
    stm32l476g_discovery.o(i.I2C2_Init) refers to stm32l476g_discovery.o(.bss) for .bss
    stm32l476g_discovery.o(i.I2C2_MspDeInit) refers to stm32l4xx_hal_gpio.o(i.HAL_GPIO_DeInit) for HAL_GPIO_DeInit
    stm32l476g_discovery.o(i.I2C2_MspDeInit) refers to stm32l4xx_hal_cortex.o(i.HAL_NVIC_DisableIRQ) for HAL_NVIC_DisableIRQ
    stm32l476g_discovery.o(i.I2C2_MspInit) refers to stm32l4xx_hal_rcc_ex.o(i.HAL_RCCEx_PeriphCLKConfig) for HAL_RCCEx_PeriphCLKConfig
    stm32l476g_discovery.o(i.I2C2_MspInit) refers to stm32l4xx_hal_gpio.o(i.HAL_GPIO_Init) for HAL_GPIO_Init
    stm32l476g_discovery.o(i.I2C2_MspInit) refers to stm32l4xx_hal_cortex.o(i.HAL_NVIC_SetPriority) for HAL_NVIC_SetPriority
    stm32l476g_discovery.o(i.I2C2_MspInit) refers to stm32l4xx_hal_cortex.o(i.HAL_NVIC_EnableIRQ) for HAL_NVIC_EnableIRQ
    stm32l476g_discovery.o(i.MFX_IO_DeInit) refers to stm32l4xx_hal_gpio.o(i.HAL_GPIO_Init) for HAL_GPIO_Init
    stm32l476g_discovery.o(i.MFX_IO_DeInit) refers to stm32l4xx_hal_cortex.o(i.HAL_NVIC_DisableIRQ) for HAL_NVIC_DisableIRQ
    stm32l476g_discovery.o(i.MFX_IO_DeInit) refers to stm32l4xx_hal_gpio.o(i.HAL_GPIO_DeInit) for HAL_GPIO_DeInit
    stm32l476g_discovery.o(i.MFX_IO_DeInit) refers to stm32l4xx_hal_i2c.o(i.HAL_I2C_GetState) for HAL_I2C_GetState
    stm32l476g_discovery.o(i.MFX_IO_DeInit) refers to stm32l4xx_hal_i2c.o(i.HAL_I2C_DeInit) for HAL_I2C_DeInit
    stm32l476g_discovery.o(i.MFX_IO_DeInit) refers to stm32l476g_discovery.o(i.I2C2_MspDeInit) for I2C2_MspDeInit
    stm32l476g_discovery.o(i.MFX_IO_DeInit) refers to stm32l476g_discovery.o(.bss) for .bss
    stm32l476g_discovery.o(i.MFX_IO_Delay) refers to stm32l4xx_hal.o(i.HAL_Delay) for HAL_Delay
    stm32l476g_discovery.o(i.MFX_IO_EnableWakeupPin) refers to stm32l4xx_hal_gpio.o(i.HAL_GPIO_Init) for HAL_GPIO_Init
    stm32l476g_discovery.o(i.MFX_IO_ITConfig) refers to stm32l4xx_hal_gpio.o(i.HAL_GPIO_Init) for HAL_GPIO_Init
    stm32l476g_discovery.o(i.MFX_IO_ITConfig) refers to stm32l4xx_hal_cortex.o(i.HAL_NVIC_SetPriority) for HAL_NVIC_SetPriority
    stm32l476g_discovery.o(i.MFX_IO_ITConfig) refers to stm32l4xx_hal_cortex.o(i.HAL_NVIC_EnableIRQ) for HAL_NVIC_EnableIRQ
    stm32l476g_discovery.o(i.MFX_IO_Init) refers to stm32l476g_discovery.o(i.I2C2_Init) for I2C2_Init
    stm32l476g_discovery.o(i.MFX_IO_Read) refers to stm32l4xx_hal_i2c.o(i.HAL_I2C_Mem_Read) for HAL_I2C_Mem_Read
    stm32l476g_discovery.o(i.MFX_IO_Read) refers to stm32l476g_discovery.o(i.I2C2_Error) for I2C2_Error
    stm32l476g_discovery.o(i.MFX_IO_Read) refers to stm32l476g_discovery.o(.data) for .data
    stm32l476g_discovery.o(i.MFX_IO_Read) refers to stm32l476g_discovery.o(.bss) for .bss
    stm32l476g_discovery.o(i.MFX_IO_ReadMultiple) refers to stm32l4xx_hal_i2c.o(i.HAL_I2C_Mem_Read) for HAL_I2C_Mem_Read
    stm32l476g_discovery.o(i.MFX_IO_ReadMultiple) refers to stm32l476g_discovery.o(i.I2C2_Error) for I2C2_Error
    stm32l476g_discovery.o(i.MFX_IO_ReadMultiple) refers to stm32l476g_discovery.o(.data) for .data
    stm32l476g_discovery.o(i.MFX_IO_ReadMultiple) refers to stm32l476g_discovery.o(.bss) for .bss
    stm32l476g_discovery.o(i.MFX_IO_Wakeup) refers to stm32l4xx_hal_gpio.o(i.HAL_GPIO_WritePin) for HAL_GPIO_WritePin
    stm32l476g_discovery.o(i.MFX_IO_Wakeup) refers to stm32l4xx_hal.o(i.HAL_Delay) for HAL_Delay
    stm32l476g_discovery.o(i.MFX_IO_Write) refers to stm32l4xx_hal_i2c.o(i.HAL_I2C_Mem_Write) for HAL_I2C_Mem_Write
    stm32l476g_discovery.o(i.MFX_IO_Write) refers to stm32l476g_discovery.o(i.I2C2_Error) for I2C2_Error
    stm32l476g_discovery.o(i.MFX_IO_Write) refers to stm32l476g_discovery.o(.data) for .data
    stm32l476g_discovery.o(i.MFX_IO_Write) refers to stm32l476g_discovery.o(.bss) for .bss
    stm32l476g_discovery.o(i.MFX_IO_WriteMultiple) refers to stm32l4xx_hal_i2c.o(i.HAL_I2C_Mem_Write) for HAL_I2C_Mem_Write
    stm32l476g_discovery.o(i.MFX_IO_WriteMultiple) refers to stm32l476g_discovery.o(i.I2C2_Error) for I2C2_Error
    stm32l476g_discovery.o(i.MFX_IO_WriteMultiple) refers to stm32l476g_discovery.o(.data) for .data
    stm32l476g_discovery.o(i.MFX_IO_WriteMultiple) refers to stm32l476g_discovery.o(.bss) for .bss
    system_stm32l4xx.o(i.SystemCoreClockUpdate) refers to system_stm32l4xx.o(.constdata) for .constdata
    system_stm32l4xx.o(i.SystemCoreClockUpdate) refers to system_stm32l4xx.o(.data) for .data
    entry.o(.ARM.Collect$$$$00000000) refers (Special) to entry10a.o(.ARM.Collect$$$$0000000D) for __rt_final_cpp
    entry.o(.ARM.Collect$$$$00000000) refers (Special) to entry11a.o(.ARM.Collect$$$$0000000F) for __rt_final_exit
    entry.o(.ARM.Collect$$$$00000000) refers (Special) to entry7b.o(.ARM.Collect$$$$00000008) for _main_clock
    entry.o(.ARM.Collect$$$$00000000) refers (Special) to entry8b.o(.ARM.Collect$$$$0000000A) for _main_cpp_init
    entry.o(.ARM.Collect$$$$00000000) refers (Special) to entry9a.o(.ARM.Collect$$$$0000000B) for _main_init
    entry.o(.ARM.Collect$$$$00000000) refers (Special) to entry5.o(.ARM.Collect$$$$00000004) for _main_scatterload
    entry.o(.ARM.Collect$$$$00000000) refers (Special) to entry2.o(.ARM.Collect$$$$00000001) for _main_stk
    entry2.o(.ARM.Collect$$$$00000001) refers to entry2.o(.ARM.Collect$$$$00002712) for __lit__00000000
    entry2.o(.ARM.Collect$$$$00002712) refers to startup_stm32l476xx.o(STACK) for __initial_sp
    entry2.o(__vectab_stack_and_reset_area) refers to startup_stm32l476xx.o(STACK) for __initial_sp
    entry2.o(__vectab_stack_and_reset_area) refers to entry.o(.ARM.Collect$$$$00000000) for __main
    entry5.o(.ARM.Collect$$$$00000004) refers to init.o(.text) for __scatterload
    entry9a.o(.ARM.Collect$$$$0000000B) refers to main.o(i.main) for main
    entry9b.o(.ARM.Collect$$$$0000000C) refers to main.o(i.main) for main
    init.o(.text) refers to entry5.o(.ARM.Collect$$$$00000004) for __main_after_scatterload


==============================================================================

Removing Unused input sections from the image.

    Removing stm32l4xx_hal_dma.o(.rev16_text), (4 bytes).
    Removing stm32l4xx_hal_dma.o(.revsh_text), (4 bytes).
    Removing stm32l4xx_hal_dma.o(.rrx_text), (6 bytes).
    Removing stm32l4xx_hal_dma.o(i.HAL_DMA_Abort), (58 bytes).
    Removing stm32l4xx_hal_dma.o(i.HAL_DMA_Abort_IT), (78 bytes).
    Removing stm32l4xx_hal_dma.o(i.HAL_DMA_GetError), (4 bytes).
    Removing stm32l4xx_hal_dma.o(i.HAL_DMA_GetState), (6 bytes).
    Removing stm32l4xx_hal_dma.o(i.HAL_DMA_PollForTransfer), (222 bytes).
    Removing stm32l4xx_hal_dma.o(i.HAL_DMA_RegisterCallback), (74 bytes).
    Removing stm32l4xx_hal_dma.o(i.HAL_DMA_Start), (80 bytes).
    Removing stm32l4xx_hal_dma.o(i.HAL_DMA_UnRegisterCallback), (82 bytes).
    Removing stm32l4xx_hal_i2c_ex.o(.rev16_text), (4 bytes).
    Removing stm32l4xx_hal_i2c_ex.o(.revsh_text), (4 bytes).
    Removing stm32l4xx_hal_i2c_ex.o(.rrx_text), (6 bytes).
    Removing stm32l4xx_hal_i2c_ex.o(i.HAL_I2CEx_ConfigAnalogFilter), (86 bytes).
    Removing stm32l4xx_hal_i2c_ex.o(i.HAL_I2CEx_ConfigDigitalFilter), (82 bytes).
    Removing stm32l4xx_hal_i2c_ex.o(i.HAL_I2CEx_DisableFastModePlus), (40 bytes).
    Removing stm32l4xx_hal_i2c_ex.o(i.HAL_I2CEx_DisableWakeUp), (78 bytes).
    Removing stm32l4xx_hal_i2c_ex.o(i.HAL_I2CEx_EnableFastModePlus), (40 bytes).
    Removing stm32l4xx_hal_i2c_ex.o(i.HAL_I2CEx_EnableWakeUp), (78 bytes).
    Removing stm32l4xx_hal_i2c.o(.rev16_text), (4 bytes).
    Removing stm32l4xx_hal_i2c.o(.revsh_text), (4 bytes).
    Removing stm32l4xx_hal_i2c.o(.rrx_text), (6 bytes).
    Removing stm32l4xx_hal_i2c.o(i.HAL_I2C_AbortCpltCallback), (2 bytes).
    Removing stm32l4xx_hal_i2c.o(i.HAL_I2C_AddrCallback), (2 bytes).
    Removing stm32l4xx_hal_i2c.o(i.HAL_I2C_DisableListen_IT), (54 bytes).
    Removing stm32l4xx_hal_i2c.o(i.HAL_I2C_ER_IRQHandler), (98 bytes).
    Removing stm32l4xx_hal_i2c.o(i.HAL_I2C_EV_IRQHandler), (16 bytes).
    Removing stm32l4xx_hal_i2c.o(i.HAL_I2C_EnableListen_IT), (40 bytes).
    Removing stm32l4xx_hal_i2c.o(i.HAL_I2C_ErrorCallback), (2 bytes).
    Removing stm32l4xx_hal_i2c.o(i.HAL_I2C_GetError), (4 bytes).
    Removing stm32l4xx_hal_i2c.o(i.HAL_I2C_GetMode), (6 bytes).
    Removing stm32l4xx_hal_i2c.o(i.HAL_I2C_IsDeviceReady), (302 bytes).
    Removing stm32l4xx_hal_i2c.o(i.HAL_I2C_ListenCpltCallback), (2 bytes).
    Removing stm32l4xx_hal_i2c.o(i.HAL_I2C_MasterRxCpltCallback), (2 bytes).
    Removing stm32l4xx_hal_i2c.o(i.HAL_I2C_MasterTxCpltCallback), (2 bytes).
    Removing stm32l4xx_hal_i2c.o(i.HAL_I2C_Master_Abort_IT), (96 bytes).
    Removing stm32l4xx_hal_i2c.o(i.HAL_I2C_Master_Receive), (294 bytes).
    Removing stm32l4xx_hal_i2c.o(i.HAL_I2C_Master_Receive_DMA), (304 bytes).
    Removing stm32l4xx_hal_i2c.o(i.HAL_I2C_Master_Receive_IT), (136 bytes).
    Removing stm32l4xx_hal_i2c.o(i.HAL_I2C_Master_Sequential_Receive_DMA), (318 bytes).
    Removing stm32l4xx_hal_i2c.o(i.HAL_I2C_Master_Sequential_Receive_IT), (164 bytes).
    Removing stm32l4xx_hal_i2c.o(i.HAL_I2C_Master_Sequential_Transmit_DMA), (318 bytes).
    Removing stm32l4xx_hal_i2c.o(i.HAL_I2C_Master_Sequential_Transmit_IT), (164 bytes).
    Removing stm32l4xx_hal_i2c.o(i.HAL_I2C_Master_Transmit), (294 bytes).
    Removing stm32l4xx_hal_i2c.o(i.HAL_I2C_Master_Transmit_DMA), (304 bytes).
    Removing stm32l4xx_hal_i2c.o(i.HAL_I2C_Master_Transmit_IT), (136 bytes).
    Removing stm32l4xx_hal_i2c.o(i.HAL_I2C_MemRxCpltCallback), (2 bytes).
    Removing stm32l4xx_hal_i2c.o(i.HAL_I2C_MemTxCpltCallback), (2 bytes).
    Removing stm32l4xx_hal_i2c.o(i.HAL_I2C_Mem_Read_DMA), (326 bytes).
    Removing stm32l4xx_hal_i2c.o(i.HAL_I2C_Mem_Read_IT), (210 bytes).
    Removing stm32l4xx_hal_i2c.o(i.HAL_I2C_Mem_Write_DMA), (318 bytes).
    Removing stm32l4xx_hal_i2c.o(i.HAL_I2C_Mem_Write_IT), (202 bytes).
    Removing stm32l4xx_hal_i2c.o(i.HAL_I2C_SlaveRxCpltCallback), (2 bytes).
    Removing stm32l4xx_hal_i2c.o(i.HAL_I2C_SlaveTxCpltCallback), (2 bytes).
    Removing stm32l4xx_hal_i2c.o(i.HAL_I2C_Slave_Receive), (300 bytes).
    Removing stm32l4xx_hal_i2c.o(i.HAL_I2C_Slave_Receive_DMA), (220 bytes).
    Removing stm32l4xx_hal_i2c.o(i.HAL_I2C_Slave_Receive_IT), (92 bytes).
    Removing stm32l4xx_hal_i2c.o(i.HAL_I2C_Slave_Sequential_Receive_DMA), (296 bytes).
    Removing stm32l4xx_hal_i2c.o(i.HAL_I2C_Slave_Sequential_Receive_IT), (176 bytes).
    Removing stm32l4xx_hal_i2c.o(i.HAL_I2C_Slave_Sequential_Transmit_DMA), (296 bytes).
    Removing stm32l4xx_hal_i2c.o(i.HAL_I2C_Slave_Sequential_Transmit_IT), (176 bytes).
    Removing stm32l4xx_hal_i2c.o(i.HAL_I2C_Slave_Transmit), (306 bytes).
    Removing stm32l4xx_hal_i2c.o(i.HAL_I2C_Slave_Transmit_DMA), (212 bytes).
    Removing stm32l4xx_hal_i2c.o(i.HAL_I2C_Slave_Transmit_IT), (92 bytes).
    Removing stm32l4xx_hal_i2c.o(i.I2C_ConvertOtherXferOptions), (26 bytes).
    Removing stm32l4xx_hal_i2c.o(i.I2C_DMAAbort), (50 bytes).
    Removing stm32l4xx_hal_i2c.o(i.I2C_DMAError), (18 bytes).
    Removing stm32l4xx_hal_i2c.o(i.I2C_DMAMasterReceiveCplt), (78 bytes).
    Removing stm32l4xx_hal_i2c.o(i.I2C_DMAMasterTransmitCplt), (78 bytes).
    Removing stm32l4xx_hal_i2c.o(i.I2C_DMASlaveReceiveCplt), (46 bytes).
    Removing stm32l4xx_hal_i2c.o(i.I2C_DMASlaveTransmitCplt), (32 bytes).
    Removing stm32l4xx_hal_i2c.o(i.I2C_Disable_IRQ), (84 bytes).
    Removing stm32l4xx_hal_i2c.o(i.I2C_Enable_IRQ), (92 bytes).
    Removing stm32l4xx_hal_i2c.o(i.I2C_ITAddrCplt), (136 bytes).
    Removing stm32l4xx_hal_i2c.o(i.I2C_ITError), (232 bytes).
    Removing stm32l4xx_hal_i2c.o(i.I2C_ITListenCplt), (92 bytes).
    Removing stm32l4xx_hal_i2c.o(i.I2C_ITMasterCplt), (180 bytes).
    Removing stm32l4xx_hal_i2c.o(i.I2C_ITMasterSequentialCplt), (76 bytes).
    Removing stm32l4xx_hal_i2c.o(i.I2C_ITSlaveCplt), (236 bytes).
    Removing stm32l4xx_hal_i2c.o(i.I2C_ITSlaveSequentialCplt), (84 bytes).
    Removing stm32l4xx_hal_i2c.o(i.I2C_Master_ISR_DMA), (264 bytes).
    Removing stm32l4xx_hal_i2c.o(i.I2C_Master_ISR_IT), (288 bytes).
    Removing stm32l4xx_hal_i2c.o(i.I2C_Slave_ISR_DMA), (190 bytes).
    Removing stm32l4xx_hal_i2c.o(i.I2C_Slave_ISR_IT), (272 bytes).
    Removing stm32l4xx_hal_i2c.o(i.I2C_WaitOnRXNEFlagUntilTimeout), (132 bytes).
    Removing stm32l4xx_hal_sai.o(.rev16_text), (4 bytes).
    Removing stm32l4xx_hal_sai.o(.revsh_text), (4 bytes).
    Removing stm32l4xx_hal_sai.o(.rrx_text), (6 bytes).
    Removing stm32l4xx_hal_sai.o(i.HAL_SAI_Abort), (170 bytes).
    Removing stm32l4xx_hal_sai.o(i.HAL_SAI_DMAPause), (38 bytes).
    Removing stm32l4xx_hal_sai.o(i.HAL_SAI_DMAResume), (54 bytes).
    Removing stm32l4xx_hal_sai.o(i.HAL_SAI_DMAStop), (150 bytes).
    Removing stm32l4xx_hal_sai.o(i.HAL_SAI_DeInit), (78 bytes).
    Removing stm32l4xx_hal_sai.o(i.HAL_SAI_DisableRxMuteMode), (28 bytes).
    Removing stm32l4xx_hal_sai.o(i.HAL_SAI_DisableTxMuteMode), (24 bytes).
    Removing stm32l4xx_hal_sai.o(i.HAL_SAI_EnableRxMuteMode), (48 bytes).
    Removing stm32l4xx_hal_sai.o(i.HAL_SAI_EnableTxMuteMode), (36 bytes).
    Removing stm32l4xx_hal_sai.o(i.HAL_SAI_GetError), (6 bytes).
    Removing stm32l4xx_hal_sai.o(i.HAL_SAI_GetState), (6 bytes).
    Removing stm32l4xx_hal_sai.o(i.HAL_SAI_IRQHandler), (304 bytes).
    Removing stm32l4xx_hal_sai.o(i.HAL_SAI_InitProtocol), (50 bytes).
    Removing stm32l4xx_hal_sai.o(i.HAL_SAI_MspDeInit), (2 bytes).
    Removing stm32l4xx_hal_sai.o(i.HAL_SAI_MspInit), (2 bytes).
    Removing stm32l4xx_hal_sai.o(i.HAL_SAI_Receive), (290 bytes).
    Removing stm32l4xx_hal_sai.o(i.HAL_SAI_Receive_DMA), (172 bytes).
    Removing stm32l4xx_hal_sai.o(i.HAL_SAI_Receive_IT), (144 bytes).
    Removing stm32l4xx_hal_sai.o(i.HAL_SAI_RxCpltCallback), (2 bytes).
    Removing stm32l4xx_hal_sai.o(i.HAL_SAI_RxHalfCpltCallback), (2 bytes).
    Removing stm32l4xx_hal_sai.o(i.HAL_SAI_Transmit), (308 bytes).
    Removing stm32l4xx_hal_sai.o(i.HAL_SAI_Transmit_IT), (148 bytes).
    Removing stm32l4xx_hal_sai.o(i.HAL_SAI_TxCpltCallback), (2 bytes).
    Removing stm32l4xx_hal_sai.o(i.HAL_SAI_TxHalfCpltCallback), (2 bytes).
    Removing stm32l4xx_hal_sai.o(i.SAI_DMAAbort), (68 bytes).
    Removing stm32l4xx_hal_sai.o(i.SAI_DMARxCplt), (58 bytes).
    Removing stm32l4xx_hal_sai.o(i.SAI_DMARxHalfCplt), (10 bytes).
    Removing stm32l4xx_hal_sai.o(i.SAI_FillFifo), (124 bytes).
    Removing stm32l4xx_hal_sai.o(i.SAI_InitI2S), (172 bytes).
    Removing stm32l4xx_hal_sai.o(i.SAI_InitPCM), (122 bytes).
    Removing stm32l4xx_hal_sai.o(i.SAI_Receive_IT16Bit), (80 bytes).
    Removing stm32l4xx_hal_sai.o(i.SAI_Receive_IT32Bit), (100 bytes).
    Removing stm32l4xx_hal_sai.o(i.SAI_Receive_IT8Bit), (70 bytes).
    Removing stm32l4xx_hal_sai.o(i.SAI_Transmit_IT16Bit), (74 bytes).
    Removing stm32l4xx_hal_sai.o(i.SAI_Transmit_IT32Bit), (94 bytes).
    Removing stm32l4xx_hal_sai.o(i.SAI_Transmit_IT8Bit), (68 bytes).
    Removing stm32l4xx_hal_cortex.o(.rev16_text), (4 bytes).
    Removing stm32l4xx_hal_cortex.o(.revsh_text), (4 bytes).
    Removing stm32l4xx_hal_cortex.o(.rrx_text), (6 bytes).
    Removing stm32l4xx_hal_cortex.o(i.HAL_MPU_ConfigRegion), (84 bytes).
    Removing stm32l4xx_hal_cortex.o(i.HAL_MPU_Disable), (28 bytes).
    Removing stm32l4xx_hal_cortex.o(i.HAL_MPU_Enable), (36 bytes).
    Removing stm32l4xx_hal_cortex.o(i.HAL_NVIC_ClearPendingIRQ), (22 bytes).
    Removing stm32l4xx_hal_cortex.o(i.HAL_NVIC_GetActive), (32 bytes).
    Removing stm32l4xx_hal_cortex.o(i.HAL_NVIC_GetPendingIRQ), (32 bytes).
    Removing stm32l4xx_hal_cortex.o(i.HAL_NVIC_GetPriority), (82 bytes).
    Removing stm32l4xx_hal_cortex.o(i.HAL_NVIC_GetPriorityGrouping), (16 bytes).
    Removing stm32l4xx_hal_cortex.o(i.HAL_NVIC_SetPendingIRQ), (22 bytes).
    Removing stm32l4xx_hal_cortex.o(i.HAL_NVIC_SystemReset), (36 bytes).
    Removing stm32l4xx_hal_cortex.o(i.HAL_SYSTICK_CLKSourceConfig), (24 bytes).
    Removing stm32l4xx_hal_cortex.o(i.HAL_SYSTICK_Callback), (2 bytes).
    Removing stm32l4xx_hal_cortex.o(i.HAL_SYSTICK_IRQHandler), (8 bytes).
    Removing stm32l4xx_hal_gpio.o(.rev16_text), (4 bytes).
    Removing stm32l4xx_hal_gpio.o(.revsh_text), (4 bytes).
    Removing stm32l4xx_hal_gpio.o(.rrx_text), (6 bytes).
    Removing stm32l4xx_hal_gpio.o(i.HAL_GPIO_EXTI_Callback), (2 bytes).
    Removing stm32l4xx_hal_gpio.o(i.HAL_GPIO_EXTI_IRQHandler), (24 bytes).
    Removing stm32l4xx_hal_gpio.o(i.HAL_GPIO_LockPin), (34 bytes).
    Removing stm32l4xx_hal_gpio.o(i.HAL_GPIO_ReadPin), (10 bytes).
    Removing stm32l4xx_hal.o(.rev16_text), (4 bytes).
    Removing stm32l4xx_hal.o(.revsh_text), (4 bytes).
    Removing stm32l4xx_hal.o(.rrx_text), (6 bytes).
    Removing stm32l4xx_hal.o(i.HAL_DBGMCU_DisableDBGSleepMode), (16 bytes).
    Removing stm32l4xx_hal.o(i.HAL_DBGMCU_DisableDBGStandbyMode), (16 bytes).
    Removing stm32l4xx_hal.o(i.HAL_DBGMCU_DisableDBGStopMode), (16 bytes).
    Removing stm32l4xx_hal.o(i.HAL_DBGMCU_EnableDBGSleepMode), (16 bytes).
    Removing stm32l4xx_hal.o(i.HAL_DBGMCU_EnableDBGStandbyMode), (16 bytes).
    Removing stm32l4xx_hal.o(i.HAL_DBGMCU_EnableDBGStopMode), (16 bytes).
    Removing stm32l4xx_hal.o(i.HAL_DeInit), (44 bytes).
    Removing stm32l4xx_hal.o(i.HAL_GetDEVID), (16 bytes).
    Removing stm32l4xx_hal.o(i.HAL_GetHalVersion), (8 bytes).
    Removing stm32l4xx_hal.o(i.HAL_GetREVID), (12 bytes).
    Removing stm32l4xx_hal.o(i.HAL_GetUIDw0), (12 bytes).
    Removing stm32l4xx_hal.o(i.HAL_GetUIDw1), (12 bytes).
    Removing stm32l4xx_hal.o(i.HAL_GetUIDw2), (12 bytes).
    Removing stm32l4xx_hal.o(i.HAL_MspDeInit), (2 bytes).
    Removing stm32l4xx_hal.o(i.HAL_ResumeTick), (14 bytes).
    Removing stm32l4xx_hal.o(i.HAL_SYSCFG_DisableIOAnalogSwitchBooster), (16 bytes).
    Removing stm32l4xx_hal.o(i.HAL_SYSCFG_DisableMemorySwappingBank), (12 bytes).
    Removing stm32l4xx_hal.o(i.HAL_SYSCFG_DisableVREFBUF), (16 bytes).
    Removing stm32l4xx_hal.o(i.HAL_SYSCFG_EnableIOAnalogSwitchBooster), (16 bytes).
    Removing stm32l4xx_hal.o(i.HAL_SYSCFG_EnableMemorySwappingBank), (12 bytes).
    Removing stm32l4xx_hal.o(i.HAL_SYSCFG_EnableVREFBUF), (48 bytes).
    Removing stm32l4xx_hal.o(i.HAL_SYSCFG_SRAM2Erase), (28 bytes).
    Removing stm32l4xx_hal.o(i.HAL_SYSCFG_VREFBUF_HighImpedanceConfig), (20 bytes).
    Removing stm32l4xx_hal.o(i.HAL_SYSCFG_VREFBUF_TrimmingConfig), (20 bytes).
    Removing stm32l4xx_hal.o(i.HAL_SYSCFG_VREFBUF_VoltageScalingConfig), (20 bytes).
    Removing stm32l4xx_hal.o(i.HAL_SuspendTick), (14 bytes).
    Removing stm32l4xx_hal_rcc_ex.o(.rev16_text), (4 bytes).
    Removing stm32l4xx_hal_rcc_ex.o(.revsh_text), (4 bytes).
    Removing stm32l4xx_hal_rcc_ex.o(.rrx_text), (6 bytes).
    Removing stm32l4xx_hal_rcc_ex.o(i.HAL_RCCEx_DisableLSCO), (88 bytes).
    Removing stm32l4xx_hal_rcc_ex.o(i.HAL_RCCEx_DisableLSECSS), (28 bytes).
    Removing stm32l4xx_hal_rcc_ex.o(i.HAL_RCCEx_DisableMSIPLLMode), (16 bytes).
    Removing stm32l4xx_hal_rcc_ex.o(i.HAL_RCCEx_DisablePLLSAI1), (84 bytes).
    Removing stm32l4xx_hal_rcc_ex.o(i.HAL_RCCEx_DisablePLLSAI2), (84 bytes).
    Removing stm32l4xx_hal_rcc_ex.o(i.HAL_RCCEx_EnableLSCO), (140 bytes).
    Removing stm32l4xx_hal_rcc_ex.o(i.HAL_RCCEx_EnableLSECSS), (20 bytes).
    Removing stm32l4xx_hal_rcc_ex.o(i.HAL_RCCEx_EnableLSECSS_IT), (56 bytes).
    Removing stm32l4xx_hal_rcc_ex.o(i.HAL_RCCEx_EnableMSIPLLMode), (16 bytes).
    Removing stm32l4xx_hal_rcc_ex.o(i.HAL_RCCEx_EnablePLLSAI1), (144 bytes).
    Removing stm32l4xx_hal_rcc_ex.o(i.HAL_RCCEx_EnablePLLSAI2), (128 bytes).
    Removing stm32l4xx_hal_rcc_ex.o(i.HAL_RCCEx_GetPeriphCLKConfig), (288 bytes).
    Removing stm32l4xx_hal_rcc_ex.o(i.HAL_RCCEx_LSECSS_Callback), (2 bytes).
    Removing stm32l4xx_hal_rcc_ex.o(i.HAL_RCCEx_LSECSS_IRQHandler), (24 bytes).
    Removing stm32l4xx_hal_rcc_ex.o(i.HAL_RCCEx_StandbyMSIRangeConfig), (24 bytes).
    Removing stm32l4xx_hal_rcc_ex.o(i.HAL_RCCEx_WakeUpStopCLKConfig), (20 bytes).
    Removing stm32l4xx_hal_rcc.o(.rev16_text), (4 bytes).
    Removing stm32l4xx_hal_rcc.o(.revsh_text), (4 bytes).
    Removing stm32l4xx_hal_rcc.o(.rrx_text), (6 bytes).
    Removing stm32l4xx_hal_rcc.o(i.HAL_RCC_CSSCallback), (2 bytes).
    Removing stm32l4xx_hal_rcc.o(i.HAL_RCC_DeInit), (224 bytes).
    Removing stm32l4xx_hal_rcc.o(i.HAL_RCC_EnableCSS), (16 bytes).
    Removing stm32l4xx_hal_rcc.o(i.HAL_RCC_GetClockConfig), (64 bytes).
    Removing stm32l4xx_hal_rcc.o(i.HAL_RCC_GetHCLKFreq), (12 bytes).
    Removing stm32l4xx_hal_rcc.o(i.HAL_RCC_GetOscConfig), (224 bytes).
    Removing stm32l4xx_hal_rcc.o(i.HAL_RCC_MCOConfig), (72 bytes).
    Removing stm32l4xx_hal_rcc.o(i.HAL_RCC_NMI_IRQHandler), (24 bytes).
    Removing stm32l4xx_hal_pwr.o(.rev16_text), (4 bytes).
    Removing stm32l4xx_hal_pwr.o(.revsh_text), (4 bytes).
    Removing stm32l4xx_hal_pwr.o(.rrx_text), (6 bytes).
    Removing stm32l4xx_hal_pwr.o(i.HAL_PWR_ConfigPVD), (128 bytes).
    Removing stm32l4xx_hal_pwr.o(i.HAL_PWR_DeInit), (24 bytes).
    Removing stm32l4xx_hal_pwr.o(i.HAL_PWR_DisableBkUpAccess), (16 bytes).
    Removing stm32l4xx_hal_pwr.o(i.HAL_PWR_DisablePVD), (16 bytes).
    Removing stm32l4xx_hal_pwr.o(i.HAL_PWR_DisableSEVOnPend), (16 bytes).
    Removing stm32l4xx_hal_pwr.o(i.HAL_PWR_DisableSleepOnExit), (16 bytes).
    Removing stm32l4xx_hal_pwr.o(i.HAL_PWR_DisableWakeUpPin), (20 bytes).
    Removing stm32l4xx_hal_pwr.o(i.HAL_PWR_EnableBkUpAccess), (16 bytes).
    Removing stm32l4xx_hal_pwr.o(i.HAL_PWR_EnablePVD), (16 bytes).
    Removing stm32l4xx_hal_pwr.o(i.HAL_PWR_EnableSEVOnPend), (16 bytes).
    Removing stm32l4xx_hal_pwr.o(i.HAL_PWR_EnableSleepOnExit), (16 bytes).
    Removing stm32l4xx_hal_pwr.o(i.HAL_PWR_EnableWakeUpPin), (28 bytes).
    Removing stm32l4xx_hal_pwr.o(i.HAL_PWR_EnterSLEEPMode), (68 bytes).
    Removing stm32l4xx_hal_pwr.o(i.HAL_PWR_EnterSTANDBYMode), (36 bytes).
    Removing stm32l4xx_hal_pwr.o(i.HAL_PWR_EnterSTOPMode), (16 bytes).
    Removing stm32l4xx_hal_pwr.o(i.HAL_PWR_PVDCallback), (2 bytes).
    Removing stm32l4xx_hal_pwr_ex.o(.rev16_text), (4 bytes).
    Removing stm32l4xx_hal_pwr_ex.o(.revsh_text), (4 bytes).
    Removing stm32l4xx_hal_pwr_ex.o(.rrx_text), (6 bytes).
    Removing stm32l4xx_hal_pwr_ex.o(i.HAL_PWREx_ConfigPVM), (404 bytes).
    Removing stm32l4xx_hal_pwr_ex.o(i.HAL_PWREx_ControlVoltageScaling), (100 bytes).
    Removing stm32l4xx_hal_pwr_ex.o(i.HAL_PWREx_DisableBatteryCharging), (16 bytes).
    Removing stm32l4xx_hal_pwr_ex.o(i.HAL_PWREx_DisableGPIOPullDown), (104 bytes).
    Removing stm32l4xx_hal_pwr_ex.o(i.HAL_PWREx_DisableGPIOPullUp), (100 bytes).
    Removing stm32l4xx_hal_pwr_ex.o(i.HAL_PWREx_DisableInternalWakeUpLine), (16 bytes).
    Removing stm32l4xx_hal_pwr_ex.o(i.HAL_PWREx_DisableLowPowerRunMode), (64 bytes).
    Removing stm32l4xx_hal_pwr_ex.o(i.HAL_PWREx_DisablePVM1), (16 bytes).
    Removing stm32l4xx_hal_pwr_ex.o(i.HAL_PWREx_DisablePVM2), (16 bytes).
    Removing stm32l4xx_hal_pwr_ex.o(i.HAL_PWREx_DisablePVM3), (16 bytes).
    Removing stm32l4xx_hal_pwr_ex.o(i.HAL_PWREx_DisablePVM4), (16 bytes).
    Removing stm32l4xx_hal_pwr_ex.o(i.HAL_PWREx_DisablePullUpPullDownConfig), (16 bytes).
    Removing stm32l4xx_hal_pwr_ex.o(i.HAL_PWREx_DisableSRAM2ContentRetention), (16 bytes).
    Removing stm32l4xx_hal_pwr_ex.o(i.HAL_PWREx_DisableVddUSB), (16 bytes).
    Removing stm32l4xx_hal_pwr_ex.o(i.HAL_PWREx_EnableBatteryCharging), (28 bytes).
    Removing stm32l4xx_hal_pwr_ex.o(i.HAL_PWREx_EnableGPIOPullDown), (156 bytes).
    Removing stm32l4xx_hal_pwr_ex.o(i.HAL_PWREx_EnableGPIOPullUp), (156 bytes).
    Removing stm32l4xx_hal_pwr_ex.o(i.HAL_PWREx_EnableInternalWakeUpLine), (16 bytes).
    Removing stm32l4xx_hal_pwr_ex.o(i.HAL_PWREx_EnableLowPowerRunMode), (16 bytes).
    Removing stm32l4xx_hal_pwr_ex.o(i.HAL_PWREx_EnablePVM1), (16 bytes).
    Removing stm32l4xx_hal_pwr_ex.o(i.HAL_PWREx_EnablePVM2), (16 bytes).
    Removing stm32l4xx_hal_pwr_ex.o(i.HAL_PWREx_EnablePVM3), (16 bytes).
    Removing stm32l4xx_hal_pwr_ex.o(i.HAL_PWREx_EnablePVM4), (16 bytes).
    Removing stm32l4xx_hal_pwr_ex.o(i.HAL_PWREx_EnablePullUpPullDownConfig), (16 bytes).
    Removing stm32l4xx_hal_pwr_ex.o(i.HAL_PWREx_EnableSRAM2ContentRetention), (16 bytes).
    Removing stm32l4xx_hal_pwr_ex.o(i.HAL_PWREx_EnableVddUSB), (16 bytes).
    Removing stm32l4xx_hal_pwr_ex.o(i.HAL_PWREx_EnterSHUTDOWNMode), (36 bytes).
    Removing stm32l4xx_hal_pwr_ex.o(i.HAL_PWREx_EnterSTOP0Mode), (52 bytes).
    Removing stm32l4xx_hal_pwr_ex.o(i.HAL_PWREx_EnterSTOP1Mode), (56 bytes).
    Removing stm32l4xx_hal_pwr_ex.o(i.HAL_PWREx_EnterSTOP2Mode), (56 bytes).
    Removing stm32l4xx_hal_pwr_ex.o(i.HAL_PWREx_PVD_PVM_IRQHandler), (88 bytes).
    Removing stm32l4xx_hal_pwr_ex.o(i.HAL_PWREx_PVM1Callback), (2 bytes).
    Removing stm32l4xx_hal_pwr_ex.o(i.HAL_PWREx_PVM2Callback), (2 bytes).
    Removing stm32l4xx_hal_pwr_ex.o(i.HAL_PWREx_PVM3Callback), (2 bytes).
    Removing stm32l4xx_hal_pwr_ex.o(i.HAL_PWREx_PVM4Callback), (2 bytes).
    Removing stm32l4xx_it.o(.rev16_text), (4 bytes).
    Removing stm32l4xx_it.o(.revsh_text), (4 bytes).
    Removing stm32l4xx_it.o(.rrx_text), (6 bytes).
    Removing main.o(.rev16_text), (4 bytes).
    Removing main.o(.revsh_text), (4 bytes).
    Removing main.o(.rrx_text), (6 bytes).
    Removing startup_stm32l476xx.o(HEAP), (512 bytes).
    Removing stm32l476g_discovery.o(.rev16_text), (4 bytes).
    Removing stm32l476g_discovery.o(.revsh_text), (4 bytes).
    Removing stm32l476g_discovery.o(.rrx_text), (6 bytes).
    Removing stm32l476g_discovery.o(i.AUDIO_IO_Delay), (4 bytes).
    Removing stm32l476g_discovery.o(i.BSP_GetVersion), (8 bytes).
    Removing stm32l476g_discovery.o(i.BSP_JOY_DeInit), (84 bytes).
    Removing stm32l476g_discovery.o(i.BSP_JOY_GetState), (48 bytes).
    Removing stm32l476g_discovery.o(i.BSP_JOY_Init), (182 bytes).
    Removing stm32l476g_discovery.o(i.BSP_LED_DeInit), (76 bytes).
    Removing stm32l476g_discovery.o(i.BSP_LED_Off), (28 bytes).
    Removing stm32l476g_discovery.o(i.BSP_SupplyModeDetection), (96 bytes).
    Removing stm32l476g_discovery.o(i.I2C2_Error), (20 bytes).
    Removing stm32l476g_discovery.o(i.I2C2_Init), (68 bytes).
    Removing stm32l476g_discovery.o(i.I2C2_MspDeInit), (108 bytes).
    Removing stm32l476g_discovery.o(i.I2C2_MspInit), (172 bytes).
    Removing stm32l476g_discovery.o(i.MFX_IO_DeInit), (120 bytes).
    Removing stm32l476g_discovery.o(i.MFX_IO_Delay), (4 bytes).
    Removing stm32l476g_discovery.o(i.MFX_IO_EnableWakeupPin), (56 bytes).
    Removing stm32l476g_discovery.o(i.MFX_IO_ITConfig), (80 bytes).
    Removing stm32l476g_discovery.o(i.MFX_IO_Init), (4 bytes).
    Removing stm32l476g_discovery.o(i.MFX_IO_Read), (56 bytes).
    Removing stm32l476g_discovery.o(i.MFX_IO_ReadMultiple), (48 bytes).
    Removing stm32l476g_discovery.o(i.MFX_IO_Wakeup), (36 bytes).
    Removing stm32l476g_discovery.o(i.MFX_IO_Write), (52 bytes).
    Removing stm32l476g_discovery.o(i.MFX_IO_WriteMultiple), (52 bytes).
    Removing system_stm32l4xx.o(.rev16_text), (4 bytes).
    Removing system_stm32l4xx.o(.revsh_text), (4 bytes).
    Removing system_stm32l4xx.o(.rrx_text), (6 bytes).
    Removing system_stm32l4xx.o(i.SystemCoreClockUpdate), (168 bytes).

300 unused section(s) (total 20272 bytes) removed from the image.

==============================================================================

Image Symbol Table

    Local Symbols

    Symbol Name                              Value     Ov Type        Size  Object(Section)

    ../clib/microlib/init/entry.s            0x00000000   Number         0  entry.o ABSOLUTE
    ../clib/microlib/init/entry.s            0x00000000   Number         0  entry11b.o ABSOLUTE
    ../clib/microlib/init/entry.s            0x00000000   Number         0  entry11a.o ABSOLUTE
    ../clib/microlib/init/entry.s            0x00000000   Number         0  entry8b.o ABSOLUTE
    ../clib/microlib/init/entry.s            0x00000000   Number         0  entry2.o ABSOLUTE
    ../clib/microlib/init/entry.s            0x00000000   Number         0  entry5.o ABSOLUTE
    ../clib/microlib/init/entry.s            0x00000000   Number         0  entry10b.o ABSOLUTE
    ../clib/microlib/init/entry.s            0x00000000   Number         0  entry7a.o ABSOLUTE
    ../clib/microlib/init/entry.s            0x00000000   Number         0  entry10a.o ABSOLUTE
    ../clib/microlib/init/entry.s            0x00000000   Number         0  entry9b.o ABSOLUTE
    ../clib/microlib/init/entry.s            0x00000000   Number         0  entry9a.o ABSOLUTE
    ../clib/microlib/init/entry.s            0x00000000   Number         0  entry7b.o ABSOLUTE
    ../clib/microlib/init/entry.s            0x00000000   Number         0  entry8a.o ABSOLUTE
    ../clib/microlib/string/memset.c         0x00000000   Number         0  memseta.o ABSOLUTE
    ..\..\..\..\..\..\Drivers\BSP\Components\cs43l22\cs43l22.c 0x00000000   Number         0  cs43l22.o ABSOLUTE
    ..\..\..\..\..\..\Drivers\BSP\STM32L476G-Discovery\stm32l476g_discovery.c 0x00000000   Number         0  stm32l476g_discovery.o ABSOLUTE
    ..\..\..\..\..\..\Drivers\STM32L4xx_HAL_Driver\Src\stm32l4xx_hal.c 0x00000000   Number         0  stm32l4xx_hal.o ABSOLUTE
    ..\..\..\..\..\..\Drivers\STM32L4xx_HAL_Driver\Src\stm32l4xx_hal_cortex.c 0x00000000   Number         0  stm32l4xx_hal_cortex.o ABSOLUTE
    ..\..\..\..\..\..\Drivers\STM32L4xx_HAL_Driver\Src\stm32l4xx_hal_dma.c 0x00000000   Number         0  stm32l4xx_hal_dma.o ABSOLUTE
    ..\..\..\..\..\..\Drivers\STM32L4xx_HAL_Driver\Src\stm32l4xx_hal_gpio.c 0x00000000   Number         0  stm32l4xx_hal_gpio.o ABSOLUTE
    ..\..\..\..\..\..\Drivers\STM32L4xx_HAL_Driver\Src\stm32l4xx_hal_i2c.c 0x00000000   Number         0  stm32l4xx_hal_i2c.o ABSOLUTE
    ..\..\..\..\..\..\Drivers\STM32L4xx_HAL_Driver\Src\stm32l4xx_hal_i2c_ex.c 0x00000000   Number         0  stm32l4xx_hal_i2c_ex.o ABSOLUTE
    ..\..\..\..\..\..\Drivers\STM32L4xx_HAL_Driver\Src\stm32l4xx_hal_pwr.c 0x00000000   Number         0  stm32l4xx_hal_pwr.o ABSOLUTE
    ..\..\..\..\..\..\Drivers\STM32L4xx_HAL_Driver\Src\stm32l4xx_hal_pwr_ex.c 0x00000000   Number         0  stm32l4xx_hal_pwr_ex.o ABSOLUTE
    ..\..\..\..\..\..\Drivers\STM32L4xx_HAL_Driver\Src\stm32l4xx_hal_rcc.c 0x00000000   Number         0  stm32l4xx_hal_rcc.o ABSOLUTE
    ..\..\..\..\..\..\Drivers\STM32L4xx_HAL_Driver\Src\stm32l4xx_hal_rcc_ex.c 0x00000000   Number         0  stm32l4xx_hal_rcc_ex.o ABSOLUTE
    ..\..\..\..\..\..\Drivers\STM32L4xx_HAL_Driver\Src\stm32l4xx_hal_sai.c 0x00000000   Number         0  stm32l4xx_hal_sai.o ABSOLUTE
    ..\Src\main.c                            0x00000000   Number         0  main.o ABSOLUTE
    ..\Src\stm32l4xx_it.c                    0x00000000   Number         0  stm32l4xx_it.o ABSOLUTE
    ..\Src\system_stm32l4xx.c                0x00000000   Number         0  system_stm32l4xx.o ABSOLUTE
    ..\\..\\..\\..\\..\\..\\Drivers\\BSP\\STM32L476G-Discovery\\stm32l476g_discovery.c 0x00000000   Number         0  stm32l476g_discovery.o ABSOLUTE
    ..\\..\\..\\..\\..\\..\\Drivers\\STM32L4xx_HAL_Driver\\Src\\stm32l4xx_hal.c 0x00000000   Number         0  stm32l4xx_hal.o ABSOLUTE
    ..\\..\\..\\..\\..\\..\\Drivers\\STM32L4xx_HAL_Driver\\Src\\stm32l4xx_hal_cortex.c 0x00000000   Number         0  stm32l4xx_hal_cortex.o ABSOLUTE
    ..\\..\\..\\..\\..\\..\\Drivers\\STM32L4xx_HAL_Driver\\Src\\stm32l4xx_hal_dma.c 0x00000000   Number         0  stm32l4xx_hal_dma.o ABSOLUTE
    ..\\..\\..\\..\\..\\..\\Drivers\\STM32L4xx_HAL_Driver\\Src\\stm32l4xx_hal_gpio.c 0x00000000   Number         0  stm32l4xx_hal_gpio.o ABSOLUTE
    ..\\..\\..\\..\\..\\..\\Drivers\\STM32L4xx_HAL_Driver\\Src\\stm32l4xx_hal_i2c.c 0x00000000   Number         0  stm32l4xx_hal_i2c.o ABSOLUTE
    ..\\..\\..\\..\\..\\..\\Drivers\\STM32L4xx_HAL_Driver\\Src\\stm32l4xx_hal_i2c_ex.c 0x00000000   Number         0  stm32l4xx_hal_i2c_ex.o ABSOLUTE
    ..\\..\\..\\..\\..\\..\\Drivers\\STM32L4xx_HAL_Driver\\Src\\stm32l4xx_hal_pwr.c 0x00000000   Number         0  stm32l4xx_hal_pwr.o ABSOLUTE
    ..\\..\\..\\..\\..\\..\\Drivers\\STM32L4xx_HAL_Driver\\Src\\stm32l4xx_hal_pwr_ex.c 0x00000000   Number         0  stm32l4xx_hal_pwr_ex.o ABSOLUTE
    ..\\..\\..\\..\\..\\..\\Drivers\\STM32L4xx_HAL_Driver\\Src\\stm32l4xx_hal_rcc.c 0x00000000   Number         0  stm32l4xx_hal_rcc.o ABSOLUTE
    ..\\..\\..\\..\\..\\..\\Drivers\\STM32L4xx_HAL_Driver\\Src\\stm32l4xx_hal_rcc_ex.c 0x00000000   Number         0  stm32l4xx_hal_rcc_ex.o ABSOLUTE
    ..\\..\\..\\..\\..\\..\\Drivers\\STM32L4xx_HAL_Driver\\Src\\stm32l4xx_hal_sai.c 0x00000000   Number         0  stm32l4xx_hal_sai.o ABSOLUTE
    ..\\Src\\main.c                          0x00000000   Number         0  main.o ABSOLUTE
    ..\\Src\\stm32l4xx_it.c                  0x00000000   Number         0  stm32l4xx_it.o ABSOLUTE
    ..\\Src\\system_stm32l4xx.c              0x00000000   Number         0  system_stm32l4xx.o ABSOLUTE
    dc.s                                     0x00000000   Number         0  dc.o ABSOLUTE
    handlers.s                               0x00000000   Number         0  handlers.o ABSOLUTE
    init.s                                   0x00000000   Number         0  init.o ABSOLUTE
    startup_stm32l476xx.s                    0x00000000   Number         0  startup_stm32l476xx.o ABSOLUTE
    RESET                                    0x08000000   Section      392  startup_stm32l476xx.o(RESET)
    .ARM.Collect$$$$00000000                 0x08000188   Section        0  entry.o(.ARM.Collect$$$$00000000)
    .ARM.Collect$$$$00000001                 0x08000188   Section        4  entry2.o(.ARM.Collect$$$$00000001)
    .ARM.Collect$$$$00000004                 0x0800018c   Section        4  entry5.o(.ARM.Collect$$$$00000004)
    .ARM.Collect$$$$00000008                 0x08000190   Section        0  entry7b.o(.ARM.Collect$$$$00000008)
    .ARM.Collect$$$$0000000A                 0x08000190   Section        0  entry8b.o(.ARM.Collect$$$$0000000A)
    .ARM.Collect$$$$0000000B                 0x08000190   Section        8  entry9a.o(.ARM.Collect$$$$0000000B)
    .ARM.Collect$$$$0000000D                 0x08000198   Section        0  entry10a.o(.ARM.Collect$$$$0000000D)
    .ARM.Collect$$$$0000000F                 0x08000198   Section        0  entry11a.o(.ARM.Collect$$$$0000000F)
    .ARM.Collect$$$$00002712                 0x08000198   Section        4  entry2.o(.ARM.Collect$$$$00002712)
    __lit__00000000                          0x08000198   Data           4  entry2.o(.ARM.Collect$$$$00002712)
    .text                                    0x0800019c   Section       36  startup_stm32l476xx.o(.text)
    $v0                                      0x0800019c   Number         0  startup_stm32l476xx.o(.text)
    .text                                    0x080001c0   Section        0  memseta.o(.text)
    .text                                    0x080001e4   Section       36  init.o(.text)
    i.AUDIO_IO_DeInit                        0x08000208   Section        0  stm32l476g_discovery.o(i.AUDIO_IO_DeInit)
    i.AUDIO_IO_Init                          0x08000290   Section        0  stm32l476g_discovery.o(i.AUDIO_IO_Init)
    i.AUDIO_IO_Read                          0x080002f0   Section        0  stm32l476g_discovery.o(i.AUDIO_IO_Read)
    i.AUDIO_IO_Write                         0x08000328   Section        0  stm32l476g_discovery.o(i.AUDIO_IO_Write)
    i.BSP_LED_Init                           0x08000358   Section        0  stm32l476g_discovery.o(i.BSP_LED_Init)
    i.BSP_LED_On                             0x080003c8   Section        0  stm32l476g_discovery.o(i.BSP_LED_On)
    i.BSP_LED_Toggle                         0x080003e4   Section        0  stm32l476g_discovery.o(i.BSP_LED_Toggle)
    i.BusFault_Handler                       0x080003fc   Section        0  stm32l4xx_it.o(i.BusFault_Handler)
    i.CODEC_IO_Write                         0x080003fe   Section        0  cs43l22.o(i.CODEC_IO_Write)
    CODEC_IO_Write                           0x080003ff   Thumb Code    10  cs43l22.o(i.CODEC_IO_Write)
    i.DMA2_Channel1_IRQHandler               0x08000408   Section        0  stm32l4xx_it.o(i.DMA2_Channel1_IRQHandler)
    i.DMA_SetConfig                          0x08000414   Section        0  stm32l4xx_hal_dma.o(i.DMA_SetConfig)
    DMA_SetConfig                            0x08000415   Thumb Code    46  stm32l4xx_hal_dma.o(i.DMA_SetConfig)
    i.DebugMon_Handler                       0x08000442   Section        0  stm32l4xx_it.o(i.DebugMon_Handler)
    i.Error_Handler                          0x08000444   Section        0  main.o(i.Error_Handler)
    i.HAL_DMA_DeInit                         0x0800044c   Section        0  stm32l4xx_hal_dma.o(i.HAL_DMA_DeInit)
    i.HAL_DMA_IRQHandler                     0x080004e8   Section        0  stm32l4xx_hal_dma.o(i.HAL_DMA_IRQHandler)
    i.HAL_DMA_Init                           0x080005a4   Section        0  stm32l4xx_hal_dma.o(i.HAL_DMA_Init)
    i.HAL_DMA_Start_IT                       0x08000664   Section        0  stm32l4xx_hal_dma.o(i.HAL_DMA_Start_IT)
    i.HAL_Delay                              0x080006d4   Section        0  stm32l4xx_hal.o(i.HAL_Delay)
    i.HAL_GPIO_DeInit                        0x080006f0   Section        0  stm32l4xx_hal_gpio.o(i.HAL_GPIO_DeInit)
    i.HAL_GPIO_Init                          0x08000844   Section        0  stm32l4xx_hal_gpio.o(i.HAL_GPIO_Init)
    i.HAL_GPIO_TogglePin                     0x08000a0e   Section        0  stm32l4xx_hal_gpio.o(i.HAL_GPIO_TogglePin)
    i.HAL_GPIO_WritePin                      0x08000a16   Section        0  stm32l4xx_hal_gpio.o(i.HAL_GPIO_WritePin)
    i.HAL_GetTick                            0x08000a20   Section        0  stm32l4xx_hal.o(i.HAL_GetTick)
    i.HAL_I2C_DeInit                         0x08000a2c   Section        0  stm32l4xx_hal_i2c.o(i.HAL_I2C_DeInit)
    i.HAL_I2C_GetState                       0x08000a64   Section        0  stm32l4xx_hal_i2c.o(i.HAL_I2C_GetState)
    i.HAL_I2C_Init                           0x08000a6c   Section        0  stm32l4xx_hal_i2c.o(i.HAL_I2C_Init)
    i.HAL_I2C_Mem_Read                       0x08000b28   Section        0  stm32l4xx_hal_i2c.o(i.HAL_I2C_Mem_Read)
    i.HAL_I2C_Mem_Write                      0x08000c90   Section        0  stm32l4xx_hal_i2c.o(i.HAL_I2C_Mem_Write)
    i.HAL_I2C_MspDeInit                      0x08000dee   Section        0  stm32l4xx_hal_i2c.o(i.HAL_I2C_MspDeInit)
    i.HAL_I2C_MspInit                        0x08000df0   Section        0  stm32l4xx_hal_i2c.o(i.HAL_I2C_MspInit)
    i.HAL_IncTick                            0x08000df4   Section        0  stm32l4xx_hal.o(i.HAL_IncTick)
    i.HAL_Init                               0x08000e04   Section        0  stm32l4xx_hal.o(i.HAL_Init)
    i.HAL_InitTick                           0x08000e1c   Section        0  stm32l4xx_hal.o(i.HAL_InitTick)
    i.HAL_MspInit                            0x08000e44   Section        0  stm32l4xx_hal.o(i.HAL_MspInit)
    i.HAL_NVIC_DisableIRQ                    0x08000e46   Section        0  stm32l4xx_hal_cortex.o(i.HAL_NVIC_DisableIRQ)
    i.HAL_NVIC_EnableIRQ                     0x08000e5c   Section        0  stm32l4xx_hal_cortex.o(i.HAL_NVIC_EnableIRQ)
    i.HAL_NVIC_SetPriority                   0x08000e74   Section        0  stm32l4xx_hal_cortex.o(i.HAL_NVIC_SetPriority)
    i.HAL_NVIC_SetPriorityGrouping           0x08000eb4   Section        0  stm32l4xx_hal_cortex.o(i.HAL_NVIC_SetPriorityGrouping)
    i.HAL_PWREx_DisableVddIO2                0x08000ed8   Section        0  stm32l4xx_hal_pwr_ex.o(i.HAL_PWREx_DisableVddIO2)
    i.HAL_PWREx_EnableVddIO2                 0x08000ee8   Section        0  stm32l4xx_hal_pwr_ex.o(i.HAL_PWREx_EnableVddIO2)
    i.HAL_PWREx_GetVoltageRange              0x08000ef8   Section        0  stm32l4xx_hal_pwr_ex.o(i.HAL_PWREx_GetVoltageRange)
    i.HAL_RCCEx_GetPeriphCLKFreq             0x08000f08   Section        0  stm32l4xx_hal_rcc_ex.o(i.HAL_RCCEx_GetPeriphCLKFreq)
    i.HAL_RCCEx_PeriphCLKConfig              0x08001394   Section        0  stm32l4xx_hal_rcc_ex.o(i.HAL_RCCEx_PeriphCLKConfig)
    i.HAL_RCC_ClockConfig                    0x08001744   Section        0  stm32l4xx_hal_rcc.o(i.HAL_RCC_ClockConfig)
    i.HAL_RCC_GetPCLK1Freq                   0x08001858   Section        0  stm32l4xx_hal_rcc.o(i.HAL_RCC_GetPCLK1Freq)
    i.HAL_RCC_GetPCLK2Freq                   0x08001878   Section        0  stm32l4xx_hal_rcc.o(i.HAL_RCC_GetPCLK2Freq)
    i.HAL_RCC_GetSysClockFreq                0x08001898   Section        0  stm32l4xx_hal_rcc.o(i.HAL_RCC_GetSysClockFreq)
    i.HAL_RCC_OscConfig                      0x0800195c   Section        0  stm32l4xx_hal_rcc.o(i.HAL_RCC_OscConfig)
    i.HAL_SAI_ErrorCallback                  0x08001dc8   Section        0  stm32l4xx_hal_sai.o(i.HAL_SAI_ErrorCallback)
    i.HAL_SAI_Init                           0x08001dcc   Section        0  stm32l4xx_hal_sai.o(i.HAL_SAI_Init)
    i.HAL_SAI_MspInit                        0x08001f80   Section        0  main.o(i.HAL_SAI_MspInit)
    i.HAL_SAI_Transmit_DMA                   0x080020a4   Section        0  stm32l4xx_hal_sai.o(i.HAL_SAI_Transmit_DMA)
    i.HAL_SAI_TxCpltCallback                 0x0800218c   Section        0  main.o(i.HAL_SAI_TxCpltCallback)
    i.HAL_SAI_TxHalfCpltCallback             0x0800219c   Section        0  main.o(i.HAL_SAI_TxHalfCpltCallback)
    i.HAL_SYSTICK_Config                     0x080021a8   Section        0  stm32l4xx_hal_cortex.o(i.HAL_SYSTICK_Config)
    i.HardFault_Handler                      0x080021d0   Section        0  stm32l4xx_it.o(i.HardFault_Handler)
    i.I2C1_Error                             0x080021d4   Section        0  stm32l476g_discovery.o(i.I2C1_Error)
    I2C1_Error                               0x080021d5   Thumb Code    16  stm32l476g_discovery.o(i.I2C1_Error)
    i.I2C1_Init                              0x080021e8   Section        0  stm32l476g_discovery.o(i.I2C1_Init)
    I2C1_Init                                0x080021e9   Thumb Code    54  stm32l476g_discovery.o(i.I2C1_Init)
    i.I2C1_MspDeInit                         0x0800222c   Section        0  stm32l476g_discovery.o(i.I2C1_MspDeInit)
    I2C1_MspDeInit                           0x0800222d   Thumb Code   114  stm32l476g_discovery.o(i.I2C1_MspDeInit)
    i.I2C1_MspInit                           0x080022ac   Section        0  stm32l476g_discovery.o(i.I2C1_MspInit)
    I2C1_MspInit                             0x080022ad   Thumb Code   178  stm32l476g_discovery.o(i.I2C1_MspInit)
    i.I2C_Flush_TXDR                         0x0800236c   Section        0  stm32l4xx_hal_i2c.o(i.I2C_Flush_TXDR)
    I2C_Flush_TXDR                           0x0800236d   Thumb Code    34  stm32l4xx_hal_i2c.o(i.I2C_Flush_TXDR)
    i.I2C_IsAcknowledgeFailed                0x08002390   Section        0  stm32l4xx_hal_i2c.o(i.I2C_IsAcknowledgeFailed)
    I2C_IsAcknowledgeFailed                  0x08002391   Thumb Code   128  stm32l4xx_hal_i2c.o(i.I2C_IsAcknowledgeFailed)
    i.I2C_RequestMemoryRead                  0x08002414   Section        0  stm32l4xx_hal_i2c.o(i.I2C_RequestMemoryRead)
    I2C_RequestMemoryRead                    0x08002415   Thumb Code    94  stm32l4xx_hal_i2c.o(i.I2C_RequestMemoryRead)
    i.I2C_RequestMemoryWrite                 0x08002478   Section        0  stm32l4xx_hal_i2c.o(i.I2C_RequestMemoryWrite)
    I2C_RequestMemoryWrite                   0x08002479   Thumb Code    94  stm32l4xx_hal_i2c.o(i.I2C_RequestMemoryWrite)
    i.I2C_TransferConfig                     0x080024dc   Section        0  stm32l4xx_hal_i2c.o(i.I2C_TransferConfig)
    I2C_TransferConfig                       0x080024dd   Thumb Code    40  stm32l4xx_hal_i2c.o(i.I2C_TransferConfig)
    i.I2C_WaitOnFlagUntilTimeout             0x08002508   Section        0  stm32l4xx_hal_i2c.o(i.I2C_WaitOnFlagUntilTimeout)
    I2C_WaitOnFlagUntilTimeout               0x08002509   Thumb Code    88  stm32l4xx_hal_i2c.o(i.I2C_WaitOnFlagUntilTimeout)
    i.I2C_WaitOnSTOPFlagUntilTimeout         0x08002560   Section        0  stm32l4xx_hal_i2c.o(i.I2C_WaitOnSTOPFlagUntilTimeout)
    I2C_WaitOnSTOPFlagUntilTimeout           0x08002561   Thumb Code    76  stm32l4xx_hal_i2c.o(i.I2C_WaitOnSTOPFlagUntilTimeout)
    i.I2C_WaitOnTXISFlagUntilTimeout         0x080025ac   Section        0  stm32l4xx_hal_i2c.o(i.I2C_WaitOnTXISFlagUntilTimeout)
    I2C_WaitOnTXISFlagUntilTimeout           0x080025ad   Thumb Code    80  stm32l4xx_hal_i2c.o(i.I2C_WaitOnTXISFlagUntilTimeout)
    i.MemManage_Handler                      0x080025fc   Section        0  stm32l4xx_it.o(i.MemManage_Handler)
    i.NMI_Handler                            0x080025fe   Section        0  stm32l4xx_it.o(i.NMI_Handler)
    i.NVIC_SetPriority                       0x08002600   Section        0  stm32l4xx_hal_cortex.o(i.NVIC_SetPriority)
    NVIC_SetPriority                         0x08002601   Thumb Code    32  stm32l4xx_hal_cortex.o(i.NVIC_SetPriority)
    i.PendSV_Handler                         0x08002620   Section        0  stm32l4xx_it.o(i.PendSV_Handler)
    i.Playback_Init                          0x08002624   Section        0  main.o(i.Playback_Init)
    Playback_Init                            0x08002625   Thumb Code   196  main.o(i.Playback_Init)
    i.RCCEx_PLLSAI1_Config                   0x080026f8   Section        0  stm32l4xx_hal_rcc_ex.o(i.RCCEx_PLLSAI1_Config)
    RCCEx_PLLSAI1_Config                     0x080026f9   Thumb Code   278  stm32l4xx_hal_rcc_ex.o(i.RCCEx_PLLSAI1_Config)
    i.RCCEx_PLLSAI2_Config                   0x08002824   Section        0  stm32l4xx_hal_rcc_ex.o(i.RCCEx_PLLSAI2_Config)
    RCCEx_PLLSAI2_Config                     0x08002825   Thumb Code   250  stm32l4xx_hal_rcc_ex.o(i.RCCEx_PLLSAI2_Config)
    i.RCC_SetFlashLatencyFromMSIRange        0x0800292c   Section        0  stm32l4xx_hal_rcc.o(i.RCC_SetFlashLatencyFromMSIRange)
    RCC_SetFlashLatencyFromMSIRange          0x0800292d   Thumb Code   116  stm32l4xx_hal_rcc.o(i.RCC_SetFlashLatencyFromMSIRange)
    i.SAI_DMAError                           0x080029a8   Section        0  stm32l4xx_hal_sai.o(i.SAI_DMAError)
    SAI_DMAError                             0x080029a9   Thumb Code    52  stm32l4xx_hal_sai.o(i.SAI_DMAError)
    i.SAI_DMATxCplt                          0x080029dc   Section        0  stm32l4xx_hal_sai.o(i.SAI_DMATxCplt)
    SAI_DMATxCplt                            0x080029dd   Thumb Code    58  stm32l4xx_hal_sai.o(i.SAI_DMATxCplt)
    i.SAI_DMATxHalfCplt                      0x08002a16   Section        0  stm32l4xx_hal_sai.o(i.SAI_DMATxHalfCplt)
    SAI_DMATxHalfCplt                        0x08002a17   Thumb Code    10  stm32l4xx_hal_sai.o(i.SAI_DMATxHalfCplt)
    i.SAI_Disable                            0x08002a20   Section        0  stm32l4xx_hal_sai.o(i.SAI_Disable)
    SAI_Disable                              0x08002a21   Thumb Code    58  stm32l4xx_hal_sai.o(i.SAI_Disable)
    i.SAI_InterruptFlag                      0x08002a60   Section        0  stm32l4xx_hal_sai.o(i.SAI_InterruptFlag)
    SAI_InterruptFlag                        0x08002a61   Thumb Code    48  stm32l4xx_hal_sai.o(i.SAI_InterruptFlag)
    i.SVC_Handler                            0x08002a90   Section        0  stm32l4xx_it.o(i.SVC_Handler)
    i.SysTick_Handler                        0x08002a92   Section        0  stm32l4xx_it.o(i.SysTick_Handler)
    i.SystemClock_Config                     0x08002a96   Section        0  main.o(i.SystemClock_Config)
    i.SystemInit                             0x08002afc   Section        0  system_stm32l4xx.o(i.SystemInit)
    i.UsageFault_Handler                     0x08002b40   Section        0  stm32l4xx_it.o(i.UsageFault_Handler)
    i.__scatterload_copy                     0x08002b42   Section       14  handlers.o(i.__scatterload_copy)
    i.__scatterload_null                     0x08002b50   Section        2  handlers.o(i.__scatterload_null)
    i.__scatterload_zeroinit                 0x08002b52   Section       14  handlers.o(i.__scatterload_zeroinit)
    i.cs43l22_DeInit                         0x08002b60   Section        0  cs43l22.o(i.cs43l22_DeInit)
    i.cs43l22_Init                           0x08002b64   Section        0  cs43l22.o(i.cs43l22_Init)
    i.cs43l22_Pause                          0x08002c44   Section        0  cs43l22.o(i.cs43l22_Pause)
    i.cs43l22_Play                           0x08002c60   Section        0  cs43l22.o(i.cs43l22_Play)
    i.cs43l22_ReadID                         0x08002c9c   Section        0  cs43l22.o(i.cs43l22_ReadID)
    i.cs43l22_Reset                          0x08002cb2   Section        0  cs43l22.o(i.cs43l22_Reset)
    i.cs43l22_Resume                         0x08002cb8   Section        0  cs43l22.o(i.cs43l22_Resume)
    i.cs43l22_SetFrequency                   0x08002cf4   Section        0  cs43l22.o(i.cs43l22_SetFrequency)
    i.cs43l22_SetMute                        0x08002cf8   Section        0  cs43l22.o(i.cs43l22_SetMute)
    i.cs43l22_SetOutputMode                  0x08002d4c   Section        0  cs43l22.o(i.cs43l22_SetOutputMode)
    i.cs43l22_SetVolume                      0x08002d9c   Section        0  cs43l22.o(i.cs43l22_SetVolume)
    i.cs43l22_Stop                           0x08002dd8   Section        0  cs43l22.o(i.cs43l22_Stop)
    i.main                                   0x08002e08   Section        0  main.o(i.main)
    .constdata                               0x08002ec8   Section       20  stm32l476g_discovery.o(.constdata)
    .constdata                               0x08002edc   Section       64  system_stm32l4xx.o(.constdata)
    .constdata                               0x08002f1c   Section        8  system_stm32l4xx.o(.constdata)
    .data                                    0x20000000   Section        4  stm32l4xx_hal.o(.data)
    .data                                    0x20000004   Section        8  main.o(.data)
    .data                                    0x2000000c   Section       48  cs43l22.o(.data)
    .data                                    0x2000003c   Section        2  cs43l22.o(.data)
    Is_cs43l22_Stop                          0x2000003c   Data           1  cs43l22.o(.data)
    .data                                    0x20000040   Section       36  stm32l476g_discovery.o(.data)
    .data                                    0x20000064   Section        4  system_stm32l4xx.o(.data)
    .bss                                     0x20000068   Section     8396  main.o(.bss)
    .bss                                     0x20002134   Section      152  stm32l476g_discovery.o(.bss)
    I2c1Handle                               0x20002134   Data          76  stm32l476g_discovery.o(.bss)
    I2c2Handle                               0x20002180   Data          76  stm32l476g_discovery.o(.bss)
    STACK                                    0x200021d0   Section     1024  startup_stm32l476xx.o(STACK)

    Global Symbols

    Symbol Name                              Value     Ov Type        Size  Object(Section)

    BuildAttributes$$THM_ISAv4$E$P$D$K$B$S$7EM$VFPi3$EXTD16$VFPS$VFMA$PE$A:L22UL41UL21$X:L11$S22US41US21$IEEE1$IW$USESV6$~STKCKD$USESV7$~SHL$OSPACE$EBA8$MICROLIB$REQ8$PRES8$EABIv2 0x00000000   Number         0  anon$$obj.o ABSOLUTE
    __ARM_use_no_argv                        0x00000000   Number         0  main.o ABSOLUTE
    __cpp_initialize__aeabi_                  - Undefined Weak Reference
    __cxa_finalize                            - Undefined Weak Reference
    __decompress                              - Undefined Weak Reference
    _clock_init                               - Undefined Weak Reference
    _microlib_exit                            - Undefined Weak Reference
    __Vectors_Size                           0x00000188   Number         0  startup_stm32l476xx.o ABSOLUTE
    __Vectors                                0x08000000   Data           4  startup_stm32l476xx.o(RESET)
    __Vectors_End                            0x08000188   Data           0  startup_stm32l476xx.o(RESET)
    __main                                   0x08000189   Thumb Code     0  entry.o(.ARM.Collect$$$$00000000)
    _main_stk                                0x08000189   Thumb Code     0  entry2.o(.ARM.Collect$$$$00000001)
    _main_scatterload                        0x0800018d   Thumb Code     0  entry5.o(.ARM.Collect$$$$00000004)
    __main_after_scatterload                 0x08000191   Thumb Code     0  entry5.o(.ARM.Collect$$$$00000004)
    _main_clock                              0x08000191   Thumb Code     0  entry7b.o(.ARM.Collect$$$$00000008)
    _main_cpp_init                           0x08000191   Thumb Code     0  entry8b.o(.ARM.Collect$$$$0000000A)
    _main_init                               0x08000191   Thumb Code     0  entry9a.o(.ARM.Collect$$$$0000000B)
    __rt_final_cpp                           0x08000199   Thumb Code     0  entry10a.o(.ARM.Collect$$$$0000000D)
    __rt_final_exit                          0x08000199   Thumb Code     0  entry11a.o(.ARM.Collect$$$$0000000F)
    Reset_Handler                            0x0800019d   Thumb Code     8  startup_stm32l476xx.o(.text)
    ADC1_2_IRQHandler                        0x080001b7   Thumb Code     0  startup_stm32l476xx.o(.text)
    ADC3_IRQHandler                          0x080001b7   Thumb Code     0  startup_stm32l476xx.o(.text)
    CAN1_RX0_IRQHandler                      0x080001b7   Thumb Code     0  startup_stm32l476xx.o(.text)
    CAN1_RX1_IRQHandler                      0x080001b7   Thumb Code     0  startup_stm32l476xx.o(.text)
    CAN1_SCE_IRQHandler                      0x080001b7   Thumb Code     0  startup_stm32l476xx.o(.text)
    CAN1_TX_IRQHandler                       0x080001b7   Thumb Code     0  startup_stm32l476xx.o(.text)
    COMP_IRQHandler                          0x080001b7   Thumb Code     0  startup_stm32l476xx.o(.text)
    DFSDM1_FLT0_IRQHandler                   0x080001b7   Thumb Code     0  startup_stm32l476xx.o(.text)
    DFSDM1_FLT1_IRQHandler                   0x080001b7   Thumb Code     0  startup_stm32l476xx.o(.text)
    DFSDM1_FLT2_IRQHandler                   0x080001b7   Thumb Code     0  startup_stm32l476xx.o(.text)
    DFSDM1_FLT3_IRQHandler                   0x080001b7   Thumb Code     0  startup_stm32l476xx.o(.text)
    DMA1_Channel1_IRQHandler                 0x080001b7   Thumb Code     0  startup_stm32l476xx.o(.text)
    DMA1_Channel2_IRQHandler                 0x080001b7   Thumb Code     0  startup_stm32l476xx.o(.text)
    DMA1_Channel3_IRQHandler                 0x080001b7   Thumb Code     0  startup_stm32l476xx.o(.text)
    DMA1_Channel4_IRQHandler                 0x080001b7   Thumb Code     0  startup_stm32l476xx.o(.text)
    DMA1_Channel5_IRQHandler                 0x080001b7   Thumb Code     0  startup_stm32l476xx.o(.text)
    DMA1_Channel6_IRQHandler                 0x080001b7   Thumb Code     0  startup_stm32l476xx.o(.text)
    DMA1_Channel7_IRQHandler                 0x080001b7   Thumb Code     0  startup_stm32l476xx.o(.text)
    DMA2_Channel2_IRQHandler                 0x080001b7   Thumb Code     0  startup_stm32l476xx.o(.text)
    DMA2_Channel3_IRQHandler                 0x080001b7   Thumb Code     0  startup_stm32l476xx.o(.text)
    DMA2_Channel4_IRQHandler                 0x080001b7   Thumb Code     0  startup_stm32l476xx.o(.text)
    DMA2_Channel5_IRQHandler                 0x080001b7   Thumb Code     0  startup_stm32l476xx.o(.text)
    DMA2_Channel6_IRQHandler                 0x080001b7   Thumb Code     0  startup_stm32l476xx.o(.text)
    DMA2_Channel7_IRQHandler                 0x080001b7   Thumb Code     0  startup_stm32l476xx.o(.text)
    EXTI0_IRQHandler                         0x080001b7   Thumb Code     0  startup_stm32l476xx.o(.text)
    EXTI15_10_IRQHandler                     0x080001b7   Thumb Code     0  startup_stm32l476xx.o(.text)
    EXTI1_IRQHandler                         0x080001b7   Thumb Code     0  startup_stm32l476xx.o(.text)
    EXTI2_IRQHandler                         0x080001b7   Thumb Code     0  startup_stm32l476xx.o(.text)
    EXTI3_IRQHandler                         0x080001b7   Thumb Code     0  startup_stm32l476xx.o(.text)
    EXTI4_IRQHandler                         0x080001b7   Thumb Code     0  startup_stm32l476xx.o(.text)
    EXTI9_5_IRQHandler                       0x080001b7   Thumb Code     0  startup_stm32l476xx.o(.text)
    FLASH_IRQHandler                         0x080001b7   Thumb Code     0  startup_stm32l476xx.o(.text)
    FMC_IRQHandler                           0x080001b7   Thumb Code     0  startup_stm32l476xx.o(.text)
    FPU_IRQHandler                           0x080001b7   Thumb Code     0  startup_stm32l476xx.o(.text)
    I2C1_ER_IRQHandler                       0x080001b7   Thumb Code     0  startup_stm32l476xx.o(.text)
    I2C1_EV_IRQHandler                       0x080001b7   Thumb Code     0  startup_stm32l476xx.o(.text)
    I2C2_ER_IRQHandler                       0x080001b7   Thumb Code     0  startup_stm32l476xx.o(.text)
    I2C2_EV_IRQHandler                       0x080001b7   Thumb Code     0  startup_stm32l476xx.o(.text)
    I2C3_ER_IRQHandler                       0x080001b7   Thumb Code     0  startup_stm32l476xx.o(.text)
    I2C3_EV_IRQHandler                       0x080001b7   Thumb Code     0  startup_stm32l476xx.o(.text)
    LCD_IRQHandler                           0x080001b7   Thumb Code     0  startup_stm32l476xx.o(.text)
    LPTIM1_IRQHandler                        0x080001b7   Thumb Code     0  startup_stm32l476xx.o(.text)
    LPTIM2_IRQHandler                        0x080001b7   Thumb Code     0  startup_stm32l476xx.o(.text)
    LPUART1_IRQHandler                       0x080001b7   Thumb Code     0  startup_stm32l476xx.o(.text)
    OTG_FS_IRQHandler                        0x080001b7   Thumb Code     0  startup_stm32l476xx.o(.text)
    PVD_PVM_IRQHandler                       0x080001b7   Thumb Code     0  startup_stm32l476xx.o(.text)
    QUADSPI_IRQHandler                       0x080001b7   Thumb Code     0  startup_stm32l476xx.o(.text)
    RCC_IRQHandler                           0x080001b7   Thumb Code     0  startup_stm32l476xx.o(.text)
    RNG_IRQHandler                           0x080001b7   Thumb Code     0  startup_stm32l476xx.o(.text)
    RTC_Alarm_IRQHandler                     0x080001b7   Thumb Code     0  startup_stm32l476xx.o(.text)
    RTC_WKUP_IRQHandler                      0x080001b7   Thumb Code     0  startup_stm32l476xx.o(.text)
    SAI1_IRQHandler                          0x080001b7   Thumb Code     0  startup_stm32l476xx.o(.text)
    SAI2_IRQHandler                          0x080001b7   Thumb Code     0  startup_stm32l476xx.o(.text)
    SDMMC1_IRQHandler                        0x080001b7   Thumb Code     0  startup_stm32l476xx.o(.text)
    SPI1_IRQHandler                          0x080001b7   Thumb Code     0  startup_stm32l476xx.o(.text)
    SPI2_IRQHandler                          0x080001b7   Thumb Code     0  startup_stm32l476xx.o(.text)
    SPI3_IRQHandler                          0x080001b7   Thumb Code     0  startup_stm32l476xx.o(.text)
    SWPMI1_IRQHandler                        0x080001b7   Thumb Code     0  startup_stm32l476xx.o(.text)
    TAMP_STAMP_IRQHandler                    0x080001b7   Thumb Code     0  startup_stm32l476xx.o(.text)
    TIM1_BRK_TIM15_IRQHandler                0x080001b7   Thumb Code     0  startup_stm32l476xx.o(.text)
    TIM1_CC_IRQHandler                       0x080001b7   Thumb Code     0  startup_stm32l476xx.o(.text)
    TIM1_TRG_COM_TIM17_IRQHandler            0x080001b7   Thumb Code     0  startup_stm32l476xx.o(.text)
    TIM1_UP_TIM16_IRQHandler                 0x080001b7   Thumb Code     0  startup_stm32l476xx.o(.text)
    TIM2_IRQHandler                          0x080001b7   Thumb Code     0  startup_stm32l476xx.o(.text)
    TIM3_IRQHandler                          0x080001b7   Thumb Code     0  startup_stm32l476xx.o(.text)
    TIM4_IRQHandler                          0x080001b7   Thumb Code     0  startup_stm32l476xx.o(.text)
    TIM5_IRQHandler                          0x080001b7   Thumb Code     0  startup_stm32l476xx.o(.text)
    TIM6_DAC_IRQHandler                      0x080001b7   Thumb Code     0  startup_stm32l476xx.o(.text)
    TIM7_IRQHandler                          0x080001b7   Thumb Code     0  startup_stm32l476xx.o(.text)
    TIM8_BRK_IRQHandler                      0x080001b7   Thumb Code     0  startup_stm32l476xx.o(.text)
    TIM8_CC_IRQHandler                       0x080001b7   Thumb Code     0  startup_stm32l476xx.o(.text)
    TIM8_TRG_COM_IRQHandler                  0x080001b7   Thumb Code     0  startup_stm32l476xx.o(.text)
    TIM8_UP_IRQHandler                       0x080001b7   Thumb Code     0  startup_stm32l476xx.o(.text)
    TSC_IRQHandler                           0x080001b7   Thumb Code     0  startup_stm32l476xx.o(.text)
    UART4_IRQHandler                         0x080001b7   Thumb Code     0  startup_stm32l476xx.o(.text)
    UART5_IRQHandler                         0x080001b7   Thumb Code     0  startup_stm32l476xx.o(.text)
    USART1_IRQHandler                        0x080001b7   Thumb Code     0  startup_stm32l476xx.o(.text)
    USART2_IRQHandler                        0x080001b7   Thumb Code     0  startup_stm32l476xx.o(.text)
    USART3_IRQHandler                        0x080001b7   Thumb Code     0  startup_stm32l476xx.o(.text)
    WWDG_IRQHandler                          0x080001b7   Thumb Code     0  startup_stm32l476xx.o(.text)
    __aeabi_memset                           0x080001c1   Thumb Code    14  memseta.o(.text)
    __aeabi_memset4                          0x080001c1   Thumb Code     0  memseta.o(.text)
    __aeabi_memset8                          0x080001c1   Thumb Code     0  memseta.o(.text)
    __aeabi_memclr                           0x080001cf   Thumb Code     4  memseta.o(.text)
    __aeabi_memclr4                          0x080001cf   Thumb Code     0  memseta.o(.text)
    __aeabi_memclr8                          0x080001cf   Thumb Code     0  memseta.o(.text)
    _memset$wrapper                          0x080001d3   Thumb Code    18  memseta.o(.text)
    __scatterload                            0x080001e5   Thumb Code    28  init.o(.text)
    __scatterload_rt2                        0x080001e5   Thumb Code     0  init.o(.text)
    AUDIO_IO_DeInit                          0x08000209   Thumb Code   124  stm32l476g_discovery.o(i.AUDIO_IO_DeInit)
    AUDIO_IO_Init                            0x08000291   Thumb Code    88  stm32l476g_discovery.o(i.AUDIO_IO_Init)
    AUDIO_IO_Read                            0x080002f1   Thumb Code    46  stm32l476g_discovery.o(i.AUDIO_IO_Read)
    AUDIO_IO_Write                           0x08000329   Thumb Code    40  stm32l476g_discovery.o(i.AUDIO_IO_Write)
    BSP_LED_Init                             0x08000359   Thumb Code    98  stm32l476g_discovery.o(i.BSP_LED_Init)
    BSP_LED_On                               0x080003c9   Thumb Code    18  stm32l476g_discovery.o(i.BSP_LED_On)
    BSP_LED_Toggle                           0x080003e5   Thumb Code    16  stm32l476g_discovery.o(i.BSP_LED_Toggle)
    BusFault_Handler                         0x080003fd   Thumb Code     2  stm32l4xx_it.o(i.BusFault_Handler)
    DMA2_Channel1_IRQHandler                 0x08000409   Thumb Code     8  stm32l4xx_it.o(i.DMA2_Channel1_IRQHandler)
    DebugMon_Handler                         0x08000443   Thumb Code     2  stm32l4xx_it.o(i.DebugMon_Handler)
    Error_Handler                            0x08000445   Thumb Code     8  main.o(i.Error_Handler)
    HAL_DMA_DeInit                           0x0800044d   Thumb Code   142  stm32l4xx_hal_dma.o(i.HAL_DMA_DeInit)
    HAL_DMA_IRQHandler                       0x080004e9   Thumb Code   186  stm32l4xx_hal_dma.o(i.HAL_DMA_IRQHandler)
    HAL_DMA_Init                             0x080005a5   Thumb Code   178  stm32l4xx_hal_dma.o(i.HAL_DMA_Init)
    HAL_DMA_Start_IT                         0x08000665   Thumb Code   112  stm32l4xx_hal_dma.o(i.HAL_DMA_Start_IT)
    HAL_Delay                                0x080006d5   Thumb Code    28  stm32l4xx_hal.o(i.HAL_Delay)
    HAL_GPIO_DeInit                          0x080006f1   Thumb Code   298  stm32l4xx_hal_gpio.o(i.HAL_GPIO_DeInit)
    HAL_GPIO_Init                            0x08000845   Thumb Code   414  stm32l4xx_hal_gpio.o(i.HAL_GPIO_Init)
    HAL_GPIO_TogglePin                       0x08000a0f   Thumb Code     8  stm32l4xx_hal_gpio.o(i.HAL_GPIO_TogglePin)
    HAL_GPIO_WritePin                        0x08000a17   Thumb Code    10  stm32l4xx_hal_gpio.o(i.HAL_GPIO_WritePin)
    HAL_GetTick                              0x08000a21   Thumb Code     6  stm32l4xx_hal.o(i.HAL_GetTick)
    HAL_I2C_DeInit                           0x08000a2d   Thumb Code    56  stm32l4xx_hal_i2c.o(i.HAL_I2C_DeInit)
    HAL_I2C_GetState                         0x08000a65   Thumb Code     6  stm32l4xx_hal_i2c.o(i.HAL_I2C_GetState)
    HAL_I2C_Init                             0x08000a6d   Thumb Code   184  stm32l4xx_hal_i2c.o(i.HAL_I2C_Init)
    HAL_I2C_Mem_Read                         0x08000b29   Thumb Code   344  stm32l4xx_hal_i2c.o(i.HAL_I2C_Mem_Read)
    HAL_I2C_Mem_Write                        0x08000c91   Thumb Code   338  stm32l4xx_hal_i2c.o(i.HAL_I2C_Mem_Write)
    HAL_I2C_MspDeInit                        0x08000def   Thumb Code     2  stm32l4xx_hal_i2c.o(i.HAL_I2C_MspDeInit)
    HAL_I2C_MspInit                          0x08000df1   Thumb Code     2  stm32l4xx_hal_i2c.o(i.HAL_I2C_MspInit)
    HAL_IncTick                              0x08000df5   Thumb Code    10  stm32l4xx_hal.o(i.HAL_IncTick)
    HAL_Init                                 0x08000e05   Thumb Code    22  stm32l4xx_hal.o(i.HAL_Init)
    HAL_InitTick                             0x08000e1d   Thumb Code    34  stm32l4xx_hal.o(i.HAL_InitTick)
    HAL_MspInit                              0x08000e45   Thumb Code     2  stm32l4xx_hal.o(i.HAL_MspInit)
    HAL_NVIC_DisableIRQ                      0x08000e47   Thumb Code    22  stm32l4xx_hal_cortex.o(i.HAL_NVIC_DisableIRQ)
    HAL_NVIC_EnableIRQ                       0x08000e5d   Thumb Code    22  stm32l4xx_hal_cortex.o(i.HAL_NVIC_EnableIRQ)
    HAL_NVIC_SetPriority                     0x08000e75   Thumb Code    60  stm32l4xx_hal_cortex.o(i.HAL_NVIC_SetPriority)
    HAL_NVIC_SetPriorityGrouping             0x08000eb5   Thumb Code    26  stm32l4xx_hal_cortex.o(i.HAL_NVIC_SetPriorityGrouping)
    HAL_PWREx_DisableVddIO2                  0x08000ed9   Thumb Code    12  stm32l4xx_hal_pwr_ex.o(i.HAL_PWREx_DisableVddIO2)
    HAL_PWREx_EnableVddIO2                   0x08000ee9   Thumb Code    12  stm32l4xx_hal_pwr_ex.o(i.HAL_PWREx_EnableVddIO2)
    HAL_PWREx_GetVoltageRange                0x08000ef9   Thumb Code    10  stm32l4xx_hal_pwr_ex.o(i.HAL_PWREx_GetVoltageRange)
    HAL_RCCEx_GetPeriphCLKFreq               0x08000f09   Thumb Code  1126  stm32l4xx_hal_rcc_ex.o(i.HAL_RCCEx_GetPeriphCLKFreq)
    HAL_RCCEx_PeriphCLKConfig                0x08001395   Thumb Code   928  stm32l4xx_hal_rcc_ex.o(i.HAL_RCCEx_PeriphCLKConfig)
    HAL_RCC_ClockConfig                      0x08001745   Thumb Code   260  stm32l4xx_hal_rcc.o(i.HAL_RCC_ClockConfig)
    HAL_RCC_GetPCLK1Freq                     0x08001859   Thumb Code    20  stm32l4xx_hal_rcc.o(i.HAL_RCC_GetPCLK1Freq)
    HAL_RCC_GetPCLK2Freq                     0x08001879   Thumb Code    20  stm32l4xx_hal_rcc.o(i.HAL_RCC_GetPCLK2Freq)
    HAL_RCC_GetSysClockFreq                  0x08001899   Thumb Code   182  stm32l4xx_hal_rcc.o(i.HAL_RCC_GetSysClockFreq)
    HAL_RCC_OscConfig                        0x0800195d   Thumb Code  1132  stm32l4xx_hal_rcc.o(i.HAL_RCC_OscConfig)
    HAL_SAI_ErrorCallback                    0x08001dc9   Thumb Code     2  stm32l4xx_hal_sai.o(i.HAL_SAI_ErrorCallback)
    HAL_SAI_Init                             0x08001dcd   Thumb Code   420  stm32l4xx_hal_sai.o(i.HAL_SAI_Init)
    HAL_SAI_MspInit                          0x08001f81   Thumb Code   270  main.o(i.HAL_SAI_MspInit)
    HAL_SAI_Transmit_DMA                     0x080020a5   Thumb Code   218  stm32l4xx_hal_sai.o(i.HAL_SAI_Transmit_DMA)
    HAL_SAI_TxCpltCallback                   0x0800218d   Thumb Code    10  main.o(i.HAL_SAI_TxCpltCallback)
    HAL_SAI_TxHalfCpltCallback               0x0800219d   Thumb Code     8  main.o(i.HAL_SAI_TxHalfCpltCallback)
    HAL_SYSTICK_Config                       0x080021a9   Thumb Code    40  stm32l4xx_hal_cortex.o(i.HAL_SYSTICK_Config)
    HardFault_Handler                        0x080021d1   Thumb Code     2  stm32l4xx_it.o(i.HardFault_Handler)
    MemManage_Handler                        0x080025fd   Thumb Code     2  stm32l4xx_it.o(i.MemManage_Handler)
    NMI_Handler                              0x080025ff   Thumb Code     2  stm32l4xx_it.o(i.NMI_Handler)
    PendSV_Handler                           0x08002621   Thumb Code     2  stm32l4xx_it.o(i.PendSV_Handler)
    SVC_Handler                              0x08002a91   Thumb Code     2  stm32l4xx_it.o(i.SVC_Handler)
    SysTick_Handler                          0x08002a93   Thumb Code     4  stm32l4xx_it.o(i.SysTick_Handler)
    SystemClock_Config                       0x08002a97   Thumb Code   100  main.o(i.SystemClock_Config)
    SystemInit                               0x08002afd   Thumb Code    56  system_stm32l4xx.o(i.SystemInit)
    UsageFault_Handler                       0x08002b41   Thumb Code     2  stm32l4xx_it.o(i.UsageFault_Handler)
    __scatterload_copy                       0x08002b43   Thumb Code    14  handlers.o(i.__scatterload_copy)
    __scatterload_null                       0x08002b51   Thumb Code     2  handlers.o(i.__scatterload_null)
    __scatterload_zeroinit                   0x08002b53   Thumb Code    14  handlers.o(i.__scatterload_zeroinit)
    cs43l22_DeInit                           0x08002b61   Thumb Code     4  cs43l22.o(i.cs43l22_DeInit)
    cs43l22_Init                             0x08002b65   Thumb Code   220  cs43l22.o(i.cs43l22_Init)
    cs43l22_Pause                            0x08002c45   Thumb Code    26  cs43l22.o(i.cs43l22_Pause)
    cs43l22_Play                             0x08002c61   Thumb Code    54  cs43l22.o(i.cs43l22_Play)
    cs43l22_ReadID                           0x08002c9d   Thumb Code    22  cs43l22.o(i.cs43l22_ReadID)
    cs43l22_Reset                            0x08002cb3   Thumb Code     4  cs43l22.o(i.cs43l22_Reset)
    cs43l22_Resume                           0x08002cb9   Thumb Code    56  cs43l22.o(i.cs43l22_Resume)
    cs43l22_SetFrequency                     0x08002cf5   Thumb Code     4  cs43l22.o(i.cs43l22_SetFrequency)
    cs43l22_SetMute                          0x08002cf9   Thumb Code    78  cs43l22.o(i.cs43l22_SetMute)
    cs43l22_SetOutputMode                    0x08002d4d   Thumb Code    76  cs43l22.o(i.cs43l22_SetOutputMode)
    cs43l22_SetVolume                        0x08002d9d   Thumb Code    60  cs43l22.o(i.cs43l22_SetVolume)
    cs43l22_Stop                             0x08002dd9   Thumb Code    44  cs43l22.o(i.cs43l22_Stop)
    main                                     0x08002e09   Thumb Code   172  main.o(i.main)
    LED_PIN                                  0x08002ec8   Data           4  stm32l476g_discovery.o(.constdata)
    JOY_IRQn                                 0x08002ecc   Data           5  stm32l476g_discovery.o(.constdata)
    JOY_PIN                                  0x08002ed2   Data          10  stm32l476g_discovery.o(.constdata)
    AHBPrescTable                            0x08002edc   Data          16  system_stm32l4xx.o(.constdata)
    MSIRangeTable                            0x08002eec   Data          48  system_stm32l4xx.o(.constdata)
    APBPrescTable                            0x08002f1c   Data           8  system_stm32l4xx.o(.constdata)
    Region$$Table$$Base                      0x08002f24   Number         0  anon$$obj.o(Region$$Table)
    Region$$Table$$Limit                     0x08002f44   Number         0  anon$$obj.o(Region$$Table)
    uwTick                                   0x20000000   Data           4  stm32l4xx_hal.o(.data)
    UpdatePointer                            0x20000004   Data           2  main.o(.data)
    audio_drv                                0x20000008   Data           4  main.o(.data)
    cs43l22_drv                              0x2000000c   Data          48  cs43l22.o(.data)
    OutputDev                                0x2000003d   Data           1  cs43l22.o(.data)
    I2c1Timeout                              0x20000040   Data           4  stm32l476g_discovery.o(.data)
    I2c2Timeout                              0x20000044   Data           4  stm32l476g_discovery.o(.data)
    LED_PORT                                 0x20000048   Data           8  stm32l476g_discovery.o(.data)
    JOY_PORT                                 0x20000050   Data          20  stm32l476g_discovery.o(.data)
    SystemCoreClock                          0x20000064   Data           4  system_stm32l4xx.o(.data)
    SaiHandle                                0x20000068   Data         132  main.o(.bss)
    hSaiDma                                  0x200000ec   Data          72  main.o(.bss)
    PlayBuff                                 0x20000134   Data        8192  main.o(.bss)
    __initial_sp                             0x200025d0   Data           0  startup_stm32l476xx.o(STACK)



==============================================================================

Memory Map of the image

  Image Entry point : 0x08000189

  Load Region LR_IROM1 (Base: 0x08000000, Size: 0x00002fac, Max: 0x00100000, ABSOLUTE)

    Execution Region ER_IROM1 (Exec base: 0x08000000, Load base: 0x08000000, Size: 0x00002f44, Max: 0x00100000, ABSOLUTE)

    Exec Addr    Load Addr    Size         Type   Attr      Idx    E Section Name        Object

    0x08000000   0x08000000   0x00000188   Data   RO         2226    RESET               startup_stm32l476xx.o
    0x08000188   0x08000188   0x00000000   Code   RO         2482  * .ARM.Collect$$$$00000000  mc_w.l(entry.o)
    0x08000188   0x08000188   0x00000004   Code   RO         2487    .ARM.Collect$$$$00000001  mc_w.l(entry2.o)
    0x0800018c   0x0800018c   0x00000004   Code   RO         2490    .ARM.Collect$$$$00000004  mc_w.l(entry5.o)
    0x08000190   0x08000190   0x00000000   Code   RO         2492    .ARM.Collect$$$$00000008  mc_w.l(entry7b.o)
    0x08000190   0x08000190   0x00000000   Code   RO         2494    .ARM.Collect$$$$0000000A  mc_w.l(entry8b.o)
    0x08000190   0x08000190   0x00000008   Code   RO         2495    .ARM.Collect$$$$0000000B  mc_w.l(entry9a.o)
    0x08000198   0x08000198   0x00000000   Code   RO         2497    .ARM.Collect$$$$0000000D  mc_w.l(entry10a.o)
    0x08000198   0x08000198   0x00000000   Code   RO         2499    .ARM.Collect$$$$0000000F  mc_w.l(entry11a.o)
    0x08000198   0x08000198   0x00000004   Code   RO         2488    .ARM.Collect$$$$00002712  mc_w.l(entry2.o)
    0x0800019c   0x0800019c   0x00000024   Code   RO         2227    .text               startup_stm32l476xx.o
    0x080001c0   0x080001c0   0x00000024   Code   RO         2485    .text               mc_w.l(memseta.o)
    0x080001e4   0x080001e4   0x00000024   Code   RO         2501    .text               mc_w.l(init.o)
    0x08000208   0x08000208   0x00000088   Code   RO         2234    i.AUDIO_IO_DeInit   stm32l476g_discovery.o
    0x08000290   0x08000290   0x00000060   Code   RO         2236    i.AUDIO_IO_Init     stm32l476g_discovery.o
    0x080002f0   0x080002f0   0x00000038   Code   RO         2237    i.AUDIO_IO_Read     stm32l476g_discovery.o
    0x08000328   0x08000328   0x00000030   Code   RO         2238    i.AUDIO_IO_Write    stm32l476g_discovery.o
    0x08000358   0x08000358   0x00000070   Code   RO         2244    i.BSP_LED_Init      stm32l476g_discovery.o
    0x080003c8   0x080003c8   0x0000001c   Code   RO         2246    i.BSP_LED_On        stm32l476g_discovery.o
    0x080003e4   0x080003e4   0x00000018   Code   RO         2247    i.BSP_LED_Toggle    stm32l476g_discovery.o
    0x080003fc   0x080003fc   0x00000002   Code   RO         1976    i.BusFault_Handler  stm32l4xx_it.o
    0x080003fe   0x080003fe   0x0000000a   Code   RO         2131    i.CODEC_IO_Write    cs43l22.o
    0x08000408   0x08000408   0x0000000c   Code   RO         1977    i.DMA2_Channel1_IRQHandler  stm32l4xx_it.o
    0x08000414   0x08000414   0x0000002e   Code   RO            4    i.DMA_SetConfig     stm32l4xx_hal_dma.o
    0x08000442   0x08000442   0x00000002   Code   RO         1978    i.DebugMon_Handler  stm32l4xx_it.o
    0x08000444   0x08000444   0x00000008   Code   RO         2071    i.Error_Handler     main.o
    0x0800044c   0x0800044c   0x0000009c   Code   RO            7    i.HAL_DMA_DeInit    stm32l4xx_hal_dma.o
    0x080004e8   0x080004e8   0x000000ba   Code   RO           10    i.HAL_DMA_IRQHandler  stm32l4xx_hal_dma.o
    0x080005a2   0x080005a2   0x00000002   PAD
    0x080005a4   0x080005a4   0x000000c0   Code   RO           11    i.HAL_DMA_Init      stm32l4xx_hal_dma.o
    0x08000664   0x08000664   0x00000070   Code   RO           15    i.HAL_DMA_Start_IT  stm32l4xx_hal_dma.o
    0x080006d4   0x080006d4   0x0000001c   Code   RO         1173    i.HAL_Delay         stm32l4xx_hal.o
    0x080006f0   0x080006f0   0x00000152   Code   RO         1100    i.HAL_GPIO_DeInit   stm32l4xx_hal_gpio.o
    0x08000842   0x08000842   0x00000002   PAD
    0x08000844   0x08000844   0x000001ca   Code   RO         1103    i.HAL_GPIO_Init     stm32l4xx_hal_gpio.o
    0x08000a0e   0x08000a0e   0x00000008   Code   RO         1106    i.HAL_GPIO_TogglePin  stm32l4xx_hal_gpio.o
    0x08000a16   0x08000a16   0x0000000a   Code   RO         1107    i.HAL_GPIO_WritePin  stm32l4xx_hal_gpio.o
    0x08000a20   0x08000a20   0x0000000c   Code   RO         1177    i.HAL_GetTick       stm32l4xx_hal.o
    0x08000a2c   0x08000a2c   0x00000038   Code   RO          245    i.HAL_I2C_DeInit    stm32l4xx_hal_i2c.o
    0x08000a64   0x08000a64   0x00000006   Code   RO          253    i.HAL_I2C_GetState  stm32l4xx_hal_i2c.o
    0x08000a6a   0x08000a6a   0x00000002   PAD
    0x08000a6c   0x08000a6c   0x000000bc   Code   RO          254    i.HAL_I2C_Init      stm32l4xx_hal_i2c.o
    0x08000b28   0x08000b28   0x00000166   Code   RO          272    i.HAL_I2C_Mem_Read  stm32l4xx_hal_i2c.o
    0x08000c8e   0x08000c8e   0x00000002   PAD
    0x08000c90   0x08000c90   0x0000015e   Code   RO          275    i.HAL_I2C_Mem_Write  stm32l4xx_hal_i2c.o
    0x08000dee   0x08000dee   0x00000002   Code   RO          278    i.HAL_I2C_MspDeInit  stm32l4xx_hal_i2c.o
    0x08000df0   0x08000df0   0x00000002   Code   RO          279    i.HAL_I2C_MspInit   stm32l4xx_hal_i2c.o
    0x08000df2   0x08000df2   0x00000002   PAD
    0x08000df4   0x08000df4   0x00000010   Code   RO         1181    i.HAL_IncTick       stm32l4xx_hal.o
    0x08000e04   0x08000e04   0x00000016   Code   RO         1182    i.HAL_Init          stm32l4xx_hal.o
    0x08000e1a   0x08000e1a   0x00000002   PAD
    0x08000e1c   0x08000e1c   0x00000028   Code   RO         1183    i.HAL_InitTick      stm32l4xx_hal.o
    0x08000e44   0x08000e44   0x00000002   Code   RO         1185    i.HAL_MspInit       stm32l4xx_hal.o
    0x08000e46   0x08000e46   0x00000016   Code   RO          969    i.HAL_NVIC_DisableIRQ  stm32l4xx_hal_cortex.o
    0x08000e5c   0x08000e5c   0x00000016   Code   RO          970    i.HAL_NVIC_EnableIRQ  stm32l4xx_hal_cortex.o
    0x08000e72   0x08000e72   0x00000002   PAD
    0x08000e74   0x08000e74   0x00000040   Code   RO          976    i.HAL_NVIC_SetPriority  stm32l4xx_hal_cortex.o
    0x08000eb4   0x08000eb4   0x00000024   Code   RO          977    i.HAL_NVIC_SetPriorityGrouping  stm32l4xx_hal_cortex.o
    0x08000ed8   0x08000ed8   0x00000010   Code   RO         1743    i.HAL_PWREx_DisableVddIO2  stm32l4xx_hal_pwr_ex.o
    0x08000ee8   0x08000ee8   0x00000010   Code   RO         1756    i.HAL_PWREx_EnableVddIO2  stm32l4xx_hal_pwr_ex.o
    0x08000ef8   0x08000ef8   0x00000010   Code   RO         1762    i.HAL_PWREx_GetVoltageRange  stm32l4xx_hal_pwr_ex.o
    0x08000f08   0x08000f08   0x0000048a   Code   RO         1391    i.HAL_RCCEx_GetPeriphCLKFreq  stm32l4xx_hal_rcc_ex.o
    0x08001392   0x08001392   0x00000002   PAD
    0x08001394   0x08001394   0x000003ae   Code   RO         1394    i.HAL_RCCEx_PeriphCLKConfig  stm32l4xx_hal_rcc_ex.o
    0x08001742   0x08001742   0x00000002   PAD
    0x08001744   0x08001744   0x00000114   Code   RO         1516    i.HAL_RCC_ClockConfig  stm32l4xx_hal_rcc.o
    0x08001858   0x08001858   0x00000020   Code   RO         1522    i.HAL_RCC_GetPCLK1Freq  stm32l4xx_hal_rcc.o
    0x08001878   0x08001878   0x00000020   Code   RO         1523    i.HAL_RCC_GetPCLK2Freq  stm32l4xx_hal_rcc.o
    0x08001898   0x08001898   0x000000c4   Code   RO         1524    i.HAL_RCC_GetSysClockFreq  stm32l4xx_hal_rcc.o
    0x0800195c   0x0800195c   0x0000046c   Code   RO         1527    i.HAL_RCC_OscConfig  stm32l4xx_hal_rcc.o
    0x08001dc8   0x08001dc8   0x00000002   Code   RO          709    i.HAL_SAI_ErrorCallback  stm32l4xx_hal_sai.o
    0x08001dca   0x08001dca   0x00000002   PAD
    0x08001dcc   0x08001dcc   0x000001b4   Code   RO          713    i.HAL_SAI_Init      stm32l4xx_hal_sai.o
    0x08001f80   0x08001f80   0x00000124   Code   RO         2072    i.HAL_SAI_MspInit   main.o
    0x080020a4   0x080020a4   0x000000e8   Code   RO          723    i.HAL_SAI_Transmit_DMA  stm32l4xx_hal_sai.o
    0x0800218c   0x0800218c   0x00000010   Code   RO         2073    i.HAL_SAI_TxCpltCallback  main.o
    0x0800219c   0x0800219c   0x0000000c   Code   RO         2074    i.HAL_SAI_TxHalfCpltCallback  main.o
    0x080021a8   0x080021a8   0x00000028   Code   RO          981    i.HAL_SYSTICK_Config  stm32l4xx_hal_cortex.o
    0x080021d0   0x080021d0   0x00000002   Code   RO         1979    i.HardFault_Handler  stm32l4xx_it.o
    0x080021d2   0x080021d2   0x00000002   PAD
    0x080021d4   0x080021d4   0x00000014   Code   RO         2249    i.I2C1_Error        stm32l476g_discovery.o
    0x080021e8   0x080021e8   0x00000044   Code   RO         2250    i.I2C1_Init         stm32l476g_discovery.o
    0x0800222c   0x0800222c   0x00000080   Code   RO         2251    i.I2C1_MspDeInit    stm32l476g_discovery.o
    0x080022ac   0x080022ac   0x000000c0   Code   RO         2252    i.I2C1_MspInit      stm32l476g_discovery.o
    0x0800236c   0x0800236c   0x00000022   Code   RO          301    i.I2C_Flush_TXDR    stm32l4xx_hal_i2c.o
    0x0800238e   0x0800238e   0x00000002   PAD
    0x08002390   0x08002390   0x00000084   Code   RO          309    i.I2C_IsAcknowledgeFailed  stm32l4xx_hal_i2c.o
    0x08002414   0x08002414   0x00000064   Code   RO          312    i.I2C_RequestMemoryRead  stm32l4xx_hal_i2c.o
    0x08002478   0x08002478   0x00000064   Code   RO          313    i.I2C_RequestMemoryWrite  stm32l4xx_hal_i2c.o
    0x080024dc   0x080024dc   0x0000002c   Code   RO          316    i.I2C_TransferConfig  stm32l4xx_hal_i2c.o
    0x08002508   0x08002508   0x00000058   Code   RO          317    i.I2C_WaitOnFlagUntilTimeout  stm32l4xx_hal_i2c.o
    0x08002560   0x08002560   0x0000004c   Code   RO          319    i.I2C_WaitOnSTOPFlagUntilTimeout  stm32l4xx_hal_i2c.o
    0x080025ac   0x080025ac   0x00000050   Code   RO          320    i.I2C_WaitOnTXISFlagUntilTimeout  stm32l4xx_hal_i2c.o
    0x080025fc   0x080025fc   0x00000002   Code   RO         1980    i.MemManage_Handler  stm32l4xx_it.o
    0x080025fe   0x080025fe   0x00000002   Code   RO         1981    i.NMI_Handler       stm32l4xx_it.o
    0x08002600   0x08002600   0x00000020   Code   RO          983    i.NVIC_SetPriority  stm32l4xx_hal_cortex.o
    0x08002620   0x08002620   0x00000002   Code   RO         1982    i.PendSV_Handler    stm32l4xx_it.o
    0x08002622   0x08002622   0x00000002   PAD
    0x08002624   0x08002624   0x000000d4   Code   RO         2075    i.Playback_Init     main.o
    0x080026f8   0x080026f8   0x0000012c   Code   RO         1397    i.RCCEx_PLLSAI1_Config  stm32l4xx_hal_rcc_ex.o
    0x08002824   0x08002824   0x00000108   Code   RO         1398    i.RCCEx_PLLSAI2_Config  stm32l4xx_hal_rcc_ex.o
    0x0800292c   0x0800292c   0x0000007c   Code   RO         1528    i.RCC_SetFlashLatencyFromMSIRange  stm32l4xx_hal_rcc.o
    0x080029a8   0x080029a8   0x00000034   Code   RO          728    i.SAI_DMAError      stm32l4xx_hal_sai.o
    0x080029dc   0x080029dc   0x0000003a   Code   RO          731    i.SAI_DMATxCplt     stm32l4xx_hal_sai.o
    0x08002a16   0x08002a16   0x0000000a   Code   RO          732    i.SAI_DMATxHalfCplt  stm32l4xx_hal_sai.o
    0x08002a20   0x08002a20   0x00000040   Code   RO          733    i.SAI_Disable       stm32l4xx_hal_sai.o
    0x08002a60   0x08002a60   0x00000030   Code   RO          737    i.SAI_InterruptFlag  stm32l4xx_hal_sai.o
    0x08002a90   0x08002a90   0x00000002   Code   RO         1983    i.SVC_Handler       stm32l4xx_it.o
    0x08002a92   0x08002a92   0x00000004   Code   RO         1984    i.SysTick_Handler   stm32l4xx_it.o
    0x08002a96   0x08002a96   0x00000064   Code   RO         2076    i.SystemClock_Config  main.o
    0x08002afa   0x08002afa   0x00000002   PAD
    0x08002afc   0x08002afc   0x00000044   Code   RO         2448    i.SystemInit        system_stm32l4xx.o
    0x08002b40   0x08002b40   0x00000002   Code   RO         1985    i.UsageFault_Handler  stm32l4xx_it.o
    0x08002b42   0x08002b42   0x0000000e   Code   RO         2505    i.__scatterload_copy  mc_w.l(handlers.o)
    0x08002b50   0x08002b50   0x00000002   Code   RO         2506    i.__scatterload_null  mc_w.l(handlers.o)
    0x08002b52   0x08002b52   0x0000000e   Code   RO         2507    i.__scatterload_zeroinit  mc_w.l(handlers.o)
    0x08002b60   0x08002b60   0x00000004   Code   RO         2132    i.cs43l22_DeInit    cs43l22.o
    0x08002b64   0x08002b64   0x000000e0   Code   RO         2133    i.cs43l22_Init      cs43l22.o
    0x08002c44   0x08002c44   0x0000001a   Code   RO         2134    i.cs43l22_Pause     cs43l22.o
    0x08002c5e   0x08002c5e   0x00000002   PAD
    0x08002c60   0x08002c60   0x0000003c   Code   RO         2135    i.cs43l22_Play      cs43l22.o
    0x08002c9c   0x08002c9c   0x00000016   Code   RO         2136    i.cs43l22_ReadID    cs43l22.o
    0x08002cb2   0x08002cb2   0x00000004   Code   RO         2137    i.cs43l22_Reset     cs43l22.o
    0x08002cb6   0x08002cb6   0x00000002   PAD
    0x08002cb8   0x08002cb8   0x0000003c   Code   RO         2138    i.cs43l22_Resume    cs43l22.o
    0x08002cf4   0x08002cf4   0x00000004   Code   RO         2139    i.cs43l22_SetFrequency  cs43l22.o
    0x08002cf8   0x08002cf8   0x00000054   Code   RO         2140    i.cs43l22_SetMute   cs43l22.o
    0x08002d4c   0x08002d4c   0x00000050   Code   RO         2141    i.cs43l22_SetOutputMode  cs43l22.o
    0x08002d9c   0x08002d9c   0x0000003c   Code   RO         2142    i.cs43l22_SetVolume  cs43l22.o
    0x08002dd8   0x08002dd8   0x00000030   Code   RO         2143    i.cs43l22_Stop      cs43l22.o
    0x08002e08   0x08002e08   0x000000c0   Code   RO         2077    i.main              main.o
    0x08002ec8   0x08002ec8   0x00000014   Data   RO         2268    .constdata          stm32l476g_discovery.o
    0x08002edc   0x08002edc   0x00000040   Data   RO         2449    .constdata          system_stm32l4xx.o
    0x08002f1c   0x08002f1c   0x00000008   Data   RO         2450    .constdata          system_stm32l4xx.o
    0x08002f24   0x08002f24   0x00000020   Data   RO         2503    Region$$Table       anon$$obj.o


    Execution Region RW_IRAM1 (Exec base: 0x20000000, Load base: 0x08002f44, Size: 0x000025d0, Max: 0x00018000, ABSOLUTE)

    Exec Addr    Load Addr    Size         Type   Attr      Idx    E Section Name        Object

    0x20000000   0x08002f44   0x00000004   Data   RW         1198    .data               stm32l4xx_hal.o
    0x20000004   0x08002f48   0x00000008   Data   RW         2079    .data               main.o
    0x2000000c   0x08002f50   0x00000030   Data   RW         2144    .data               cs43l22.o
    0x2000003c   0x08002f80   0x00000002   Data   RW         2145    .data               cs43l22.o
    0x2000003e   0x08002f82   0x00000002   PAD
    0x20000040   0x08002f84   0x00000024   Data   RW         2269    .data               stm32l476g_discovery.o
    0x20000064   0x08002fa8   0x00000004   Data   RW         2451    .data               system_stm32l4xx.o
    0x20000068        -       0x000020cc   Zero   RW         2078    .bss                main.o
    0x20002134        -       0x00000098   Zero   RW         2267    .bss                stm32l476g_discovery.o
    0x200021cc   0x08002fac   0x00000004   PAD
    0x200021d0        -       0x00000400   Zero   RW         2224    STACK               startup_stm32l476xx.o


==============================================================================

Image component sizes


      Code (inc. data)   RO Data    RW Data    ZI Data      Debug   Object Name

       686         28          0         50          0      12113   cs43l22.o
       832         68          0          8       8396       5741   main.o
        36          8        392          0       1024        884   startup_stm32l476xx.o
       908        116         20         36        152      11409   stm32l476g_discovery.o
       120         18          0          4          0       5525   stm32l4xx_hal.o
       216         14          0          0          0      31913   stm32l4xx_hal_cortex.o
       692         28          0          0          0     798420   stm32l4xx_hal_dma.o
       814         72          0          0          0       4579   stm32l4xx_hal_gpio.o
      1616         38          0          0          0      15924   stm32l4xx_hal_i2c.o
        48         14          0          0          0       2003   stm32l4xx_hal_pwr_ex.o
      1792         86          0          0          0       7368   stm32l4xx_hal_rcc.o
      2668         64          0          0          0       6889   stm32l4xx_hal_rcc_ex.o
       902         36          0          0          0       7502   stm32l4xx_hal_sai.o
        32          4          0          0          0      14789   stm32l4xx_it.o
        68         12         72          4          0       1469   system_stm32l4xx.o

    ----------------------------------------------------------------------
     11462        606        516        104       9576     926528   Object Totals
         0          0         32          0          0          0   (incl. Generated)
        32          0          0          2          4          0   (incl. Padding)

    ----------------------------------------------------------------------

      Code (inc. data)   RO Data    RW Data    ZI Data      Debug   Library Member Name

         0          0          0          0          0          0   entry.o
         0          0          0          0          0          0   entry10a.o
         0          0          0          0          0          0   entry11a.o
         8          4          0          0          0          0   entry2.o
         4          0          0          0          0          0   entry5.o
         0          0          0          0          0          0   entry7b.o
         0          0          0          0          0          0   entry8b.o
         8          4          0          0          0          0   entry9a.o
        30          0          0          0          0          0   handlers.o
        36          8          0          0          0         68   init.o
        36          0          0          0          0        108   memseta.o

    ----------------------------------------------------------------------
       122         16          0          0          0        176   Library Totals
         0          0          0          0          0          0   (incl. Padding)

    ----------------------------------------------------------------------

      Code (inc. data)   RO Data    RW Data    ZI Data      Debug   Library Name

       122         16          0          0          0        176   mc_w.l

    ----------------------------------------------------------------------
       122         16          0          0          0        176   Library Totals

    ----------------------------------------------------------------------

==============================================================================


      Code (inc. data)   RO Data    RW Data    ZI Data      Debug   

     11584        622        516        104       9576     917708   Grand Totals
     11584        622        516        104       9576     917708   ELF Image Totals
     11584        622        516        104          0          0   ROM Totals

==============================================================================

    Total RO  Size (Code + RO Data)                12100 (  11.82kB)
    Total RW  Size (RW Data + ZI Data)              9680 (   9.45kB)
    Total ROM Size (Code + RO Data + RW Data)      12204 (  11.92kB)

==============================================================================

